Archive member included to satisfy reference by file (symbol)

c:/software/altera/15.1/nios2eds/bin/gnu/h-x86_64-mingw32/bin/../lib/gcc/nios2-elf/4.9.2\libgcc.a(lib2-divmod.o)
                              obj/default/main.o (__divsi3)
c:/software/altera/15.1/nios2eds/bin/gnu/h-x86_64-mingw32/bin/../lib/gcc/nios2-elf/4.9.2/../../../../../H-x86_64-mingw32/nios2-elf/lib\libc.a(lib_a-fread.o)
                              obj/default/main.o (fread)
c:/software/altera/15.1/nios2eds/bin/gnu/h-x86_64-mingw32/bin/../lib/gcc/nios2-elf/4.9.2/../../../../../H-x86_64-mingw32/nios2-elf/lib\libc.a(lib_a-freer.o)
                              c:/software/altera/15.1/nios2eds/bin/gnu/h-x86_64-mingw32/bin/../lib/gcc/nios2-elf/4.9.2/../../../../../H-x86_64-mingw32/nios2-elf/lib\libc.a(lib_a-fread.o) (_free_r)
c:/software/altera/15.1/nios2eds/bin/gnu/h-x86_64-mingw32/bin/../lib/gcc/nios2-elf/4.9.2/../../../../../H-x86_64-mingw32/nios2-elf/lib\libc.a(lib_a-getc.o)
                              obj/default/uart_nios2.o (getc)
c:/software/altera/15.1/nios2eds/bin/gnu/h-x86_64-mingw32/bin/../lib/gcc/nios2-elf/4.9.2/../../../../../H-x86_64-mingw32/nios2-elf/lib\libc.a(lib_a-impure.o)
                              obj/default/uart_nios2.o (_impure_ptr)
c:/software/altera/15.1/nios2eds/bin/gnu/h-x86_64-mingw32/bin/../lib/gcc/nios2-elf/4.9.2/../../../../../H-x86_64-mingw32/nios2-elf/lib\libc.a(lib_a-mallocr.o)
                              c:/software/altera/15.1/nios2eds/bin/gnu/h-x86_64-mingw32/bin/../lib/gcc/nios2-elf/4.9.2/../../../../../H-x86_64-mingw32/nios2-elf/lib\libc.a(lib_a-freer.o) (__malloc_av_)
c:/software/altera/15.1/nios2eds/bin/gnu/h-x86_64-mingw32/bin/../lib/gcc/nios2-elf/4.9.2/../../../../../H-x86_64-mingw32/nios2-elf/lib\libc.a(lib_a-memcpy.o)
                              c:/software/altera/15.1/nios2eds/bin/gnu/h-x86_64-mingw32/bin/../lib/gcc/nios2-elf/4.9.2/../../../../../H-x86_64-mingw32/nios2-elf/lib\libc.a(lib_a-fread.o) (memcpy)
c:/software/altera/15.1/nios2eds/bin/gnu/h-x86_64-mingw32/bin/../lib/gcc/nios2-elf/4.9.2/../../../../../H-x86_64-mingw32/nios2-elf/lib\libc.a(lib_a-memset.o)
                              obj/default/main.o (memset)
c:/software/altera/15.1/nios2eds/bin/gnu/h-x86_64-mingw32/bin/../lib/gcc/nios2-elf/4.9.2/../../../../../H-x86_64-mingw32/nios2-elf/lib\libc.a(lib_a-putchar.o)
                              obj/default/uart_nios2.o (putchar)
c:/software/altera/15.1/nios2eds/bin/gnu/h-x86_64-mingw32/bin/../lib/gcc/nios2-elf/4.9.2/../../../../../H-x86_64-mingw32/nios2-elf/lib\libc.a(lib_a-refill.o)
                              c:/software/altera/15.1/nios2eds/bin/gnu/h-x86_64-mingw32/bin/../lib/gcc/nios2-elf/4.9.2/../../../../../H-x86_64-mingw32/nios2-elf/lib\libc.a(lib_a-fread.o) (__srefill_r)
c:/software/altera/15.1/nios2eds/bin/gnu/h-x86_64-mingw32/bin/../lib/gcc/nios2-elf/4.9.2/../../../../../H-x86_64-mingw32/nios2-elf/lib\libc.a(lib_a-rget.o)
                              c:/software/altera/15.1/nios2eds/bin/gnu/h-x86_64-mingw32/bin/../lib/gcc/nios2-elf/4.9.2/../../../../../H-x86_64-mingw32/nios2-elf/lib\libc.a(lib_a-getc.o) (__srget_r)
c:/software/altera/15.1/nios2eds/bin/gnu/h-x86_64-mingw32/bin/../lib/gcc/nios2-elf/4.9.2/../../../../../H-x86_64-mingw32/nios2-elf/lib\libc.a(lib_a-sbrkr.o)
                              c:/software/altera/15.1/nios2eds/bin/gnu/h-x86_64-mingw32/bin/../lib/gcc/nios2-elf/4.9.2/../../../../../H-x86_64-mingw32/nios2-elf/lib\libc.a(lib_a-freer.o) (_sbrk_r)
c:/software/altera/15.1/nios2eds/bin/gnu/h-x86_64-mingw32/bin/../lib/gcc/nios2-elf/4.9.2/../../../../../H-x86_64-mingw32/nios2-elf/lib\libc.a(lib_a-strcpy.o)
                              obj/default/main.o (strcpy)
c:/software/altera/15.1/nios2eds/bin/gnu/h-x86_64-mingw32/bin/../lib/gcc/nios2-elf/4.9.2/../../../../../H-x86_64-mingw32/nios2-elf/lib\libc.a(lib_a-strlen.o)
                              obj/default/main.o (strlen)
c:/software/altera/15.1/nios2eds/bin/gnu/h-x86_64-mingw32/bin/../lib/gcc/nios2-elf/4.9.2/../../../../../H-x86_64-mingw32/nios2-elf/lib\libc.a(lib_a-fflush.o)
                              c:/software/altera/15.1/nios2eds/bin/gnu/h-x86_64-mingw32/bin/../lib/gcc/nios2-elf/4.9.2/../../../../../H-x86_64-mingw32/nios2-elf/lib\libc.a(lib_a-refill.o) (__sflush_r)
c:/software/altera/15.1/nios2eds/bin/gnu/h-x86_64-mingw32/bin/../lib/gcc/nios2-elf/4.9.2/../../../../../H-x86_64-mingw32/nios2-elf/lib\libc.a(lib_a-findfp.o)
                              c:/software/altera/15.1/nios2eds/bin/gnu/h-x86_64-mingw32/bin/../lib/gcc/nios2-elf/4.9.2/../../../../../H-x86_64-mingw32/nios2-elf/lib\libc.a(lib_a-fread.o) (__sinit)
c:/software/altera/15.1/nios2eds/bin/gnu/h-x86_64-mingw32/bin/../lib/gcc/nios2-elf/4.9.2/../../../../../H-x86_64-mingw32/nios2-elf/lib\libc.a(lib_a-fwalk.o)
                              c:/software/altera/15.1/nios2eds/bin/gnu/h-x86_64-mingw32/bin/../lib/gcc/nios2-elf/4.9.2/../../../../../H-x86_64-mingw32/nios2-elf/lib\libc.a(lib_a-refill.o) (_fwalk)
[...]
Memory Configuration

Name             Origin             Length             Attributes
reset            0x0000000000800000 0x0000000000000020
sdram_0          0x0000000000800020 0x00000000007fffe0
*default*        0x0000000000000000 0xffffffffffffffff

Linker script and memory map

LOAD ../lab2_bsp//obj/HAL/src/crt0.o
LOAD obj/default/fatfs.o
LOAD obj/default/fatfs_diskio.o
LOAD obj/default/fatfs_nios2_de0_nano_spi.o
LOAD obj/default/fatfs_nios2_de1_pio.o
LOAD obj/default/fatfs_nios2_de1_spi.o
LOAD obj/default/ff.o
LOAD obj/default/main.o
LOAD obj/default/monitor.o
LOAD obj/default/uart_nios2.o
LOAD c:/software/altera/15.1/nios2eds/bin/gnu/h-x86_64-mingw32/bin/../lib/gcc/nios2-elf/4.9.2/../../../../../H-x86_64-mingw32/nios2-elf/lib\libstdc++.a
LOAD c:/software/altera/15.1/nios2eds/bin/gnu/h-x86_64-mingw32/bin/../lib/gcc/nios2-elf/4.9.2/../../../../../H-x86_64-mingw32/nios2-elf/lib\libm.a
LOAD c:/software/altera/15.1/nios2eds/bin/gnu/h-x86_64-mingw32/bin/../lib/gcc/nios2-elf/4.9.2\libgcc.a
START GROUP
LOAD c:/software/altera/15.1/nios2eds/bin/gnu/h-x86_64-mingw32/bin/../lib/gcc/nios2-elf/4.9.2/../../../../../H-x86_64-mingw32/nios2-elf/lib\libc.a
LOAD c:/software/altera/15.1/nios2eds/bin/gnu/h-x86_64-mingw32/bin/../lib/gcc/nios2-elf/4.9.2\libgcc.a
LOAD ../lab2_bsp/\libhal_bsp.a
LOAD c:/software/altera/15.1/nios2eds/bin/gnu/h-x86_64-mingw32/bin/../lib/gcc/nios2-elf/4.9.2/../../../../../H-x86_64-mingw32/nios2-elf/lib\libm.a
END GROUP
LOAD c:/software/altera/15.1/nios2eds/bin/gnu/h-x86_64-mingw32/bin/../lib/gcc/nios2-elf/4.9.2\libgcc.a
                0x0000000000800000                __alt_mem_sdram_0 = 0x800000

.entry          0x0000000000800000       0x20
 *(.entry)
 .entry         0x0000000000800000       0x20 ../lab2_bsp//obj/HAL/src/crt0.o
                0x0000000000800000                __reset

.exceptions     0x0000000000800020      0x224
                0x0000000000800020                PROVIDE (__ram_exceptions_start, ABSOLUTE (.))
                0x0000000000800020                . = ALIGN (0x20)
 *(.irq)
 *(.exceptions.entry.label)
 .exceptions.entry.label
                0x0000000000800020        0x0 ../lab2_bsp/\libhal_bsp.a(alt_irq_entry.o)
                0x0000000000800020                alt_irq_entry
 .exceptions.entry.label
                0x0000000000800020        0x0 ../lab2_bsp/\libhal_bsp.a(alt_exception_entry.o)
                0x0000000000800020                alt_exception
 *(.exceptions.entry.user)
 *(.exceptions.entry.ecc_fatal)
 *(.exceptions.entry)
 .exceptions.entry
                0x0000000000800020       0x54 ../lab2_bsp/\libhal_bsp.a(alt_exception_entry.o)
 *(.exceptions.irqtest.user)
 *(.exceptions.irqtest)
 .exceptions.irqtest
                0x0000000000800074       0x10 ../lab2_bsp/\libhal_bsp.a(alt_irq_entry.o)
 *(.exceptions.irqhandler.user)
 *(.exceptions.irqhandler)
 .exceptions.irqhandler
                0x0000000000800084        0x4 ../lab2_bsp/\libhal_bsp.a(alt_irq_entry.o)
 *(.exceptions.irqreturn.user)
 *(.exceptions.irqreturn)
 .exceptions.irqreturn
                0x0000000000800088        0x4 ../lab2_bsp/\libhal_bsp.a(alt_irq_entry.o)
 *(.exceptions.notirq.label)
 .exceptions.notirq.label
                0x000000000080008c        0x0 ../lab2_bsp/\libhal_bsp.a(alt_irq_entry.o)
 *(.exceptions.notirq.user)
 *(.exceptions.notirq)
 .exceptions.notirq
                0x000000000080008c        0x8 ../lab2_bsp/\libhal_bsp.a(alt_exception_entry.o)
 *(.exceptions.soft.user)
 *(.exceptions.soft)
 *(.exceptions.unknown.user)
 *(.exceptions.unknown)
 .exceptions.unknown
                0x0000000000800094       0x14 ../lab2_bsp/\libhal_bsp.a(alt_exception_entry.o)
 *(.exceptions.exit.label)
 .exceptions.exit.label
                0x00000000008000a8        0x0 ../lab2_bsp/\libhal_bsp.a(alt_irq_entry.o)
 .exceptions.exit.label
                0x00000000008000a8        0x0 ../lab2_bsp/\libhal_bsp.a(alt_exception_entry.o)
 *(.exceptions.exit.user)
 *(.exceptions.exit)
 .exceptions.exit
                0x00000000008000a8       0x54 ../lab2_bsp/\libhal_bsp.a(alt_exception_entry.o)
 *(.exceptions)
 .exceptions    0x00000000008000fc       0xd4 ../lab2_bsp/\libhal_bsp.a(alt_irq_handler.o)
                0x00000000008000fc                alt_irq_handler
 .exceptions    0x00000000008001d0       0x74 ../lab2_bsp/\libhal_bsp.a(alt_instruction_exception_entry.o)
                0x00000000008001d0                alt_instruction_exception_entry
                0x0000000000800244                PROVIDE (__ram_exceptions_end, ABSOLUTE (.))
                0x0000000000800020                PROVIDE (__flash_exceptions_start, LOADADDR (.exceptions))

.text           0x0000000000800244    0x10938
                0x0000000000800244                PROVIDE (stext, ABSOLUTE (.))
 *(.interp)
 *(.hash)
 *(.dynsym)
 *(.dynstr)
 *(.gnu.version)
 *(.gnu.version_d)
 *(.gnu.version_r)
 *(.rel.init)
 *(.rela.init)
 *(.rel.text .rel.text.* .rel.gnu.linkonce.t.*)
 *(.rela.text .rela.text.* .rela.gnu.linkonce.t.*)
 *(.rel.fini)
 *(.rela.fini)
 *(.rel.rodata .rel.rodata.* .rel.gnu.linkonce.r.*)
 *(.rela.rodata .rela.rodata.* .rela.gnu.linkonce.r.*)
 *(.rel.data .rel.data.* .rel.gnu.linkonce.d.*)
 *(.rela.data .rela.data.* .rela.gnu.linkonce.d.*)
 *(.rel.tdata .rel.tdata.* .rel.gnu.linkonce.td.*)
 *(.rela.tdata .rela.tdata.* .rela.gnu.linkonce.td.*)
 *(.rel.tbss .rel.tbss.* .rel.gnu.linkonce.tb.*)
 *(.rela.tbss .rela.tbss.* .rela.gnu.linkonce.tb.*)
 *(.rel.ctors)
 *(.rela.ctors)
 *(.rel.dtors)
 *(.rela.dtors)
 *(.rel.got)
 *(.rela.got)
 *(.rel.sdata .rel.sdata.* .rel.gnu.linkonce.s.*)
 *(.rela.sdata .rela.sdata.* .rela.gnu.linkonce.s.*)
 *(.rel.sbss .rel.sbss.* .rel.gnu.linkonce.sb.*)
 *(.rela.sbss .rela.sbss.* .rela.gnu.linkonce.sb.*)
 *(.rel.sdata2 .rel.sdata2.* .rel.gnu.linkonce.s2.*)
 *(.rela.sdata2 .rela.sdata2.* .rela.gnu.linkonce.s2.*)
 *(.rel.sbss2 .rel.sbss2.* .rel.gnu.linkonce.sb2.*)
 *(.rela.sbss2 .rela.sbss2.* .rela.gnu.linkonce.sb2.*)
 *(.rel.bss .rel.bss.* .rel.gnu.linkonce.b.*)
 *(.rela.bss .rela.bss.* .rela.gnu.linkonce.b.*)
 *(.rel.plt)
 *(.rela.plt)
 *(.rel.dyn)
 *(.init)
 *(.plt)
 *(.text .stub .text.* .gnu.linkonce.t.*)
 .text          0x0000000000800244       0x4c ../lab2_bsp//obj/HAL/src/crt0.o
                0x0000000000800244                _start
 .text          0x0000000000800290       0x24 obj/default/fatfs.o
                0x0000000000800290                ffs_Init
 .text          0x00000000008002b4     0x1294 obj/default/fatfs_diskio.o
                0x0000000000800a34                ffs_DiskIOInit
                0x0000000000800a60                ffs_DiskIOTimerproc
                0x0000000000800b68                ffs_DiskIOInitialize
                0x0000000000800dc4                ffs_DiskIOStatus
                0x0000000000800dec                ffs_DiskIORead
                0x0000000000800f08                ffs_DiskIOWrite
                0x0000000000801074                ffs_DiskIOIoctl
                0x000000000080151c                get_fattime
 .text          0x0000000000801548        0x0 obj/default/fatfs_nios2_de0_nano_spi.o
 .text          0x0000000000801548        0x0 obj/default/fatfs_nios2_de1_pio.o
 .text          0x0000000000801548        0x0 obj/default/fatfs_nios2_de1_spi.o
 .text          0x0000000000801548     0x6aac obj/default/ff.o
                0x0000000000801a8c                clust2sect
                0x0000000000801af8                get_fat
                0x0000000000801d7c                put_fat
                0x0000000000803e8c                f_mount
                0x0000000000803f20                f_open
                0x00000000008043a4                f_read
                0x0000000000804888                f_write
                0x0000000000804e04                f_sync
                0x000000000080508c                f_close
                0x00000000008050d4                f_lseek
                0x00000000008055c0                f_opendir
                0x0000000000805730                f_readdir
                0x0000000000805814                f_stat
                0x00000000008058b4                f_getfree
                0x0000000000805ba0                f_truncate
                0x0000000000805d88                f_unlink
                0x0000000000805fa0                f_mkdir
                0x00000000008063e0                f_chmod
                0x00000000008064e4                f_utime
                0x00000000008065f8                f_rename
                0x000000000080690c                f_mkfs
                0x00000000008077c8                f_gets
                0x0000000000807898                f_putc
                0x000000000080790c                f_puts
                0x00000000008079a4                f_printf
 .text          0x0000000000807ff4     0x1718 obj/default/main.o
                0x0000000000808290                play_file
                0x00000000008082e0                main
 .text          0x000000000080970c      0x978 obj/default/monitor.o
                0x000000000080970c                xatoi
                0x0000000000809990                xputc
                0x00000000008099e0                xputs
                0x0000000000809a48                xitoa
                0x0000000000809c00                xprintf
                0x0000000000809eac                put_dump
                0x0000000000809fc8                get_line
 .text          0x000000000080a084       0xb0 obj/default/uart_nios2.o
                0x000000000080a084                uart0_init
                0x000000000080a0a4                uart0_put
                0x000000000080a0dc                uart0_get
 .text          0x000000000080a134      0x12c c:/software/altera/15.1/nios2eds/bin/gnu/h-x86_64-mingw32/bin/../lib/gcc/nios2-elf/4.9.2\libgcc.a(lib2-divmod.o)
                0x000000000080a1a0                __divsi3
                0x000000000080a1f4                __modsi3
                0x000000000080a250                __udivsi3
                0x000000000080a258                __umodsi3
 .text          0x000000000080a260        0x0 c:/software/altera/15.1/nios2eds/bin/gnu/h-x86_64-mingw32/bin/../lib/gcc/nios2-elf/4.9.2/../../../../../H-x86_64-mingw32/nios2-elf/lib\libc.a(lib_a-fread.o)
 .text._fread_r
                0x000000000080a260      0x230 c:/software/altera/15.1/nios2eds/bin/gnu/h-x86_64-mingw32/bin/../lib/gcc/nios2-elf/4.9.2/../../../../../H-x86_64-mingw32/nios2-elf/lib\libc.a(lib_a-fread.o)
                0x000000000080a260                _fread_r
 .text.fread    0x000000000080a490       0x40 c:/software/altera/15.1/nios2eds/bin/gnu/h-x86_64-mingw32/bin/../lib/gcc/nios2-elf/4.9.2/../../../../../H-x86_64-mingw32/nios2-elf/lib\libc.a(lib_a-fread.o)
                0x000000000080a490                fread
 .text          0x000000000080a4d0        0x0 c:/software/altera/15.1/nios2eds/bin/gnu/h-x86_64-mingw32/bin/../lib/gcc/nios2-elf/4.9.2/../../../../../H-x86_64-mingw32/nios2-elf/lib\libc.a(lib_a-freer.o)
 .text._malloc_trim_r
                0x000000000080a4d0      0x124 c:/software/altera/15.1/nios2eds/bin/gnu/h-x86_64-mingw32/bin/../lib/gcc/nios2-elf/4.9.2/../../../../../H-x86_64-mingw32/nios2-elf/lib\libc.a(lib_a-freer.o)
                0x000000000080a4d0                _malloc_trim_r
 .text._free_r  0x000000000080a5f4      0x2f0 c:/software/altera/15.1/nios2eds/bin/gnu/h-x86_64-mingw32/bin/../lib/gcc/nios2-elf/4.9.2/../../../../../H-x86_64-mingw32/nios2-elf/lib\libc.a(lib_a-freer.o)
                0x000000000080a5f4                _free_r
 .text          0x000000000080a8e4        0x0 c:/software/altera/15.1/nios2eds/bin/gnu/h-x86_64-mingw32/bin/../lib/gcc/nios2-elf/4.9.2/../../../../../H-x86_64-mingw32/nios2-elf/lib\libc.a(lib_a-getc.o)
 .text._getc_r  0x000000000080a8e4       0x70 c:/software/altera/15.1/nios2eds/bin/gnu/h-x86_64-mingw32/bin/../lib/gcc/nios2-elf/4.9.2/../../../../../H-x86_64-mingw32/nios2-elf/lib\libc.a(lib_a-getc.o)
                0x000000000080a8e4                _getc_r
 .text.getc     0x000000000080a954       0x88 c:/software/altera/15.1/nios2eds/bin/gnu/h-x86_64-mingw32/bin/../lib/gcc/nios2-elf/4.9.2/../../../../../H-x86_64-mingw32/nios2-elf/lib\libc.a(lib_a-getc.o)
                0x000000000080a954                getc
 .text          0x000000000080a9dc        0x0 c:/software/altera/15.1/nios2eds/bin/gnu/h-x86_64-mingw32/bin/../lib/gcc/nios2-elf/4.9.2/../../../../../H-x86_64-mingw32/nios2-elf/lib\libc.a(lib_a-impure.o)
 .text          0x000000000080a9dc        0x0 c:/software/altera/15.1/nios2eds/bin/gnu/h-x86_64-mingw32/bin/../lib/gcc/nios2-elf/4.9.2/../../../../../H-x86_64-mingw32/nios2-elf/lib\libc.a(lib_a-mallocr.o)
 .text._malloc_r
                0x000000000080a9dc      0x7a8 c:/software/altera/15.1/nios2eds/bin/gnu/h-x86_64-mingw32/bin/../lib/gcc/nios2-elf/4.9.2/../../../../../H-x86_64-mingw32/nios2-elf/lib\libc.a(lib_a-mallocr.o)
                0x000000000080a9dc                _malloc_r
 .text          0x000000000080b184        0x0 c:/software/altera/15.1/nios2eds/bin/gnu/h-x86_64-mingw32/bin/../lib/gcc/nios2-elf/4.9.2/../../../../../H-x86_64-mingw32/nios2-elf/lib\libc.a(lib_a-memcpy.o)
 .text.memcpy   0x000000000080b184      0x138 c:/software/altera/15.1/nios2eds/bin/gnu/h-x86_64-mingw32/bin/../lib/gcc/nios2-elf/4.9.2/../../../../../H-x86_64-mingw32/nios2-elf/lib\libc.a(lib_a-memcpy.o)
                0x000000000080b184                memcpy
 .text          0x000000000080b2bc        0x0 c:/software/altera/15.1/nios2eds/bin/gnu/h-x86_64-mingw32/bin/../lib/gcc/nios2-elf/4.9.2/../../../../../H-x86_64-mingw32/nios2-elf/lib\libc.a(lib_a-memset.o)
 .text.memset   0x000000000080b2bc      0x124 c:/software/altera/15.1/nios2eds/bin/gnu/h-x86_64-mingw32/bin/../lib/gcc/nios2-elf/4.9.2/../../../../../H-x86_64-mingw32/nios2-elf/lib\libc.a(lib_a-memset.o)
                0x000000000080b2bc                memset
 .text          0x000000000080b3e0        0x0 c:/software/altera/15.1/nios2eds/bin/gnu/h-x86_64-mingw32/bin/../lib/gcc/nios2-elf/4.9.2/../../../../../H-x86_64-mingw32/nios2-elf/lib\libc.a(lib_a-putchar.o)
 .text._putchar_r
                0x000000000080b3e0        0x8 c:/software/altera/15.1/nios2eds/bin/gnu/h-x86_64-mingw32/bin/../lib/gcc/nios2-elf/4.9.2/../../../../../H-x86_64-mingw32/nios2-elf/lib\libc.a(lib_a-putchar.o)
                0x000000000080b3e0                _putchar_r
 .text.putchar  0x000000000080b3e8       0x18 c:/software/altera/15.1/nios2eds/bin/gnu/h-x86_64-mingw32/bin/../lib/gcc/nios2-elf/4.9.2/../../../../../H-x86_64-mingw32/nios2-elf/lib\libc.a(lib_a-putchar.o)
                0x000000000080b3e8                putchar
 .text          0x000000000080b400        0x0 c:/software/altera/15.1/nios2eds/bin/gnu/h-x86_64-mingw32/bin/../lib/gcc/nios2-elf/4.9.2/../../../../../H-x86_64-mingw32/nios2-elf/lib\libc.a(lib_a-refill.o)
 .text.lflush   0x000000000080b400       0x1c c:/software/altera/15.1/nios2eds/bin/gnu/h-x86_64-mingw32/bin/../lib/gcc/nios2-elf/4.9.2/../../../../../H-x86_64-mingw32/nios2-elf/lib\libc.a(lib_a-refill.o)
 .text.__srefill_r
                0x000000000080b41c      0x1d4 c:/software/altera/15.1/nios2eds/bin/gnu/h-x86_64-mingw32/bin/../lib/gcc/nios2-elf/4.9.2/../../../../../H-x86_64-mingw32/nios2-elf/lib\libc.a(lib_a-refill.o)
                0x000000000080b41c                __srefill_r
 .text          0x000000000080b5f0        0x0 c:/software/altera/15.1/nios2eds/bin/gnu/h-x86_64-mingw32/bin/../lib/gcc/nios2-elf/4.9.2/../../../../../H-x86_64-mingw32/nios2-elf/lib\libc.a(lib_a-rget.o)
 .text.__srget_r
                0x000000000080b5f0       0x74 c:/software/altera/15.1/nios2eds/bin/gnu/h-x86_64-mingw32/bin/../lib/gcc/nios2-elf/4.9.2/../../../../../H-x86_64-mingw32/nios2-elf/lib\libc.a(lib_a-rget.o)
                0x000000000080b5f0                __srget_r
 .text.__srget  0x000000000080b664       0x14 c:/software/altera/15.1/nios2eds/bin/gnu/h-x86_64-mingw32/bin/../lib/gcc/nios2-elf/4.9.2/../../../../../H-x86_64-mingw32/nios2-elf/lib\libc.a(lib_a-rget.o)
                0x000000000080b664                __srget
 .text          0x000000000080b678        0x0 c:/software/altera/15.1/nios2eds/bin/gnu/h-x86_64-mingw32/bin/../lib/gcc/nios2-elf/4.9.2/../../../../../H-x86_64-mingw32/nios2-elf/lib\libc.a(lib_a-sbrkr.o)
 .text._sbrk_r  0x000000000080b678       0x54 c:/software/altera/15.1/nios2eds/bin/gnu/h-x86_64-mingw32/bin/../lib/gcc/nios2-elf/4.9.2/../../../../../H-x86_64-mingw32/nios2-elf/lib\libc.a(lib_a-sbrkr.o)
                0x000000000080b678                _sbrk_r
 .text          0x000000000080b6cc        0x0 c:/software/altera/15.1/nios2eds/bin/gnu/h-x86_64-mingw32/bin/../lib/gcc/nios2-elf/4.9.2/../../../../../H-x86_64-mingw32/nios2-elf/lib\libc.a(lib_a-strcpy.o)
 .text.strcpy   0x000000000080b6cc       0x90 c:/software/altera/15.1/nios2eds/bin/gnu/h-x86_64-mingw32/bin/../lib/gcc/nios2-elf/4.9.2/../../../../../H-x86_64-mingw32/nios2-elf/lib\libc.a(lib_a-strcpy.o)
                0x000000000080b6cc                strcpy
 .text          0x000000000080b75c        0x0 c:/software/altera/15.1/nios2eds/bin/gnu/h-x86_64-mingw32/bin/../lib/gcc/nios2-elf/4.9.2/../../../../../H-x86_64-mingw32/nios2-elf/lib\libc.a(lib_a-strlen.o)
 .text.strlen   0x000000000080b75c       0x98 c:/software/altera/15.1/nios2eds/bin/gnu/h-x86_64-mingw32/bin/../lib/gcc/nios2-elf/4.9.2/../../../../../H-x86_64-mingw32/nios2-elf/lib\libc.a(lib_a-strlen.o)
                0x000000000080b75c                strlen
 .text          0x000000000080b7f4        0x0 c:/software/altera/15.1/nios2eds/bin/gnu/h-x86_64-mingw32/bin/../lib/gcc/nios2-elf/4.9.2/../../../../../H-x86_64-mingw32/nios2-elf/lib\libc.a(lib_a-fflush.o)
 .text.__sflush_r
                0x000000000080b7f4      0x208 c:/software/altera/15.1/nios2eds/bin/gnu/h-x86_64-mingw32/bin/../lib/gcc/nios2-elf/4.9.2/../../../../../H-x86_64-mingw32/nios2-elf/lib\libc.a(lib_a-fflush.o)
                0x000000000080b7f4                __sflush_r
 .text._fflush_r
                0x000000000080b9fc       0x5c c:/software/altera/15.1/nios2eds/bin/gnu/h-x86_64-mingw32/bin/../lib/gcc/nios2-elf/4.9.2/../../../../../H-x86_64-mingw32/nios2-elf/lib\libc.a(lib_a-fflush.o)
                0x000000000080b9fc                _fflush_r
 .text.fflush   0x000000000080ba58       0x30 c:/software/altera/15.1/nios2eds/bin/gnu/h-x86_64-mingw32/bin/../lib/gcc/nios2-elf/4.9.2/../../../../../H-x86_64-mingw32/nios2-elf/lib\libc.a(lib_a-fflush.o)
                0x000000000080ba58                fflush
 .text          0x000000000080ba88        0x0 c:/software/altera/15.1/nios2eds/bin/gnu/h-x86_64-mingw32/bin/../lib/gcc/nios2-elf/4.9.2/../../../../../H-x86_64-mingw32/nios2-elf/lib\libc.a(lib_a-findfp.o)
 .text.__fp_lock
                0x000000000080ba88        0x8 c:/software/altera/15.1/nios2eds/bin/gnu/h-x86_64-mingw32/bin/../lib/gcc/nios2-elf/4.9.2/../../../../../H-x86_64-mingw32/nios2-elf/lib\libc.a(lib_a-findfp.o)
 .text.__fp_unlock
                0x000000000080ba90        0x8 c:/software/altera/15.1/nios2eds/bin/gnu/h-x86_64-mingw32/bin/../lib/gcc/nios2-elf/4.9.2/../../../../../H-x86_64-mingw32/nios2-elf/lib\libc.a(lib_a-findfp.o)
 .text._cleanup_r
                0x000000000080ba98        0xc c:/software/altera/15.1/nios2eds/bin/gnu/h-x86_64-mingw32/bin/../lib/gcc/nios2-elf/4.9.2/../../../../../H-x86_64-mingw32/nios2-elf/lib\libc.a(lib_a-findfp.o)
                0x000000000080ba98                _cleanup_r
 .text.__sinit.part.1
                0x000000000080baa4      0x19c c:/software/altera/15.1/nios2eds/bin/gnu/h-x86_64-mingw32/bin/../lib/gcc/nios2-elf/4.9.2/../../../../../H-x86_64-mingw32/nios2-elf/lib\libc.a(lib_a-findfp.o)
 .text.__sfmoreglue
                0x000000000080bc40       0x68 c:/software/altera/15.1/nios2eds/bin/gnu/h-x86_64-mingw32/bin/../lib/gcc/nios2-elf/4.9.2/../../../../../H-x86_64-mingw32/nios2-elf/lib\libc.a(lib_a-findfp.o)
                0x000000000080bc40                __sfmoreglue
 .text.__sfp    0x000000000080bca8      0x118 c:/software/altera/15.1/nios2eds/bin/gnu/h-x86_64-mingw32/bin/../lib/gcc/nios2-elf/4.9.2/../../../../../H-x86_64-mingw32/nios2-elf/lib\libc.a(lib_a-findfp.o)
                0x000000000080bca8                __sfp
 .text._cleanup
                0x000000000080bdc0       0x18 c:/software/altera/15.1/nios2eds/bin/gnu/h-x86_64-mingw32/bin/../lib/gcc/nios2-elf/4.9.2/../../../../../H-x86_64-mingw32/nios2-elf/lib\libc.a(lib_a-findfp.o)
                0x000000000080bdc0                _cleanup
 .text.__sinit  0x000000000080bdd8       0x10 c:/software/altera/15.1/nios2eds/bin/gnu/h-x86_64-mingw32/bin/../lib/gcc/nios2-elf/4.9.2/../../../../../H-x86_64-mingw32/nios2-elf/lib\libc.a(lib_a-findfp.o)
                0x000000000080bdd8                __sinit
 .text.__sfp_lock_acquire
                0x000000000080bde8        0x4 c:/software/altera/15.1/nios2eds/bin/gnu/h-x86_64-mingw32/bin/../lib/gcc/nios2-elf/4.9.2/../../../../../H-x86_64-mingw32/nios2-elf/lib\libc.a(lib_a-findfp.o)
                0x000000000080bde8                __sfp_lock_acquire
 .text.__sfp_lock_release
                0x000000000080bdec        0x4 c:/software/altera/15.1/nios2eds/bin/gnu/h-x86_64-mingw32/bin/../lib/gcc/nios2-elf/4.9.2/../../../../../H-x86_64-mingw32/nios2-elf/lib\libc.a(lib_a-findfp.o)
                0x000000000080bdec                __sfp_lock_release
 .text.__sinit_lock_acquire
                0x000000000080bdf0        0x4 c:/software/altera/15.1/nios2eds/bin/gnu/h-x86_64-mingw32/bin/../lib/gcc/nios2-elf/4.9.2/../../../../../H-x86_64-mingw32/nios2-elf/lib\libc.a(lib_a-findfp.o)
                0x000000000080bdf0                __sinit_lock_acquire
 .text.__sinit_lock_release
                0x000000000080bdf4        0x4 c:/software/altera/15.1/nios2eds/bin/gnu/h-x86_64-mingw32/bin/../lib/gcc/nios2-elf/4.9.2/../../../../../H-x86_64-mingw32/nios2-elf/lib\libc.a(lib_a-findfp.o)
                0x000000000080bdf4                __sinit_lock_release
 .text.__fp_lock_all
                0x000000000080bdf8       0x18 c:/software/altera/15.1/nios2eds/bin/gnu/h-x86_64-mingw32/bin/../lib/gcc/nios2-elf/4.9.2/../../../../../H-x86_64-mingw32/nios2-elf/lib\libc.a(lib_a-findfp.o)
                0x000000000080bdf8                __fp_lock_all
 .text.__fp_unlock_all
                0x000000000080be10       0x18 c:/software/altera/15.1/nios2eds/bin/gnu/h-x86_64-mingw32/bin/../lib/gcc/nios2-elf/4.9.2/../../../../../H-x86_64-mingw32/nios2-elf/lib\libc.a(lib_a-findfp.o)
                0x000000000080be10                __fp_unlock_all
 .text          0x000000000080be28        0x0 c:/software/altera/15.1/nios2eds/bin/gnu/h-x86_64-mingw32/bin/../lib/gcc/nios2-elf/4.9.2/../../../../../H-x86_64-mingw32/nios2-elf/lib\libc.a(lib_a-fwalk.o)
 .text._fwalk   0x000000000080be28       0xc4 c:/software/altera/15.1/nios2eds/bin/gnu/h-x86_64-mingw32/bin/../lib/gcc/nios2-elf/4.9.2/../../../../../H-x86_64-mingw32/nios2-elf/lib\libc.a(lib_a-fwalk.o)
                0x000000000080be28                _fwalk
 .text._fwalk_reent
                0x000000000080beec       0xc4 c:/software/altera/15.1/nios2eds/bin/gnu/h-x86_64-mingw32/bin/../lib/gcc/nios2-elf/4.9.2/../../../../../H-x86_64-mingw32/nios2-elf/lib\libc.a(lib_a-fwalk.o)
                0x000000000080beec                _fwalk_reent
 .text          0x000000000080bfb0        0x0 c:/software/altera/15.1/nios2eds/bin/gnu/h-x86_64-mingw32/bin/../lib/gcc/nios2-elf/4.9.2/../../../../../H-x86_64-mingw32/nios2-elf/lib\libc.a(lib_a-int_errno.o)
 .text          0x000000000080bfb0        0x0 c:/software/altera/15.1/nios2eds/bin/gnu/h-x86_64-mingw32/bin/../lib/gcc/nios2-elf/4.9.2/../../../../../H-x86_64-mingw32/nios2-elf/lib\libc.a(lib_a-makebuf.o)
 .text.__smakebuf_r
                0x000000000080bfb0      0x1b8 c:/software/altera/15.1/nios2eds/bin/gnu/h-x86_64-mingw32/bin/../lib/gcc/nios2-elf/4.9.2/../../../../../H-x86_64-mingw32/nios2-elf/lib\libc.a(lib_a-makebuf.o)
                0x000000000080bfb0                __smakebuf_r
 .text          0x000000000080c168        0x0 c:/software/altera/15.1/nios2eds/bin/gnu/h-x86_64-mingw32/bin/../lib/gcc/nios2-elf/4.9.2/../../../../../H-x86_64-mingw32/nios2-elf/lib\libc.a(lib_a-putc.o)
 .text._putc_r  0x000000000080c168       0xa0 c:/software/altera/15.1/nios2eds/bin/gnu/h-x86_64-mingw32/bin/../lib/gcc/nios2-elf/4.9.2/../../../../../H-x86_64-mingw32/nios2-elf/lib\libc.a(lib_a-putc.o)
                0x000000000080c168                _putc_r
 .text.putc     0x000000000080c208       0xcc c:/software/altera/15.1/nios2eds/bin/gnu/h-x86_64-mingw32/bin/../lib/gcc/nios2-elf/4.9.2/../../../../../H-x86_64-mingw32/nios2-elf/lib\libc.a(lib_a-putc.o)
                0x000000000080c208                putc
 .text          0x000000000080c2d4        0x0 c:/software/altera/15.1/nios2eds/bin/gnu/h-x86_64-mingw32/bin/../lib/gcc/nios2-elf/4.9.2/../../../../../H-x86_64-mingw32/nios2-elf/lib\libc.a(lib_a-stdio.o)
 .text.__sread  0x000000000080c2d4       0x54 c:/software/altera/15.1/nios2eds/bin/gnu/h-x86_64-mingw32/bin/../lib/gcc/nios2-elf/4.9.2/../../../../../H-x86_64-mingw32/nios2-elf/lib\libc.a(lib_a-stdio.o)
                0x000000000080c2d4                __sread
 .text.__seofread
                0x000000000080c328        0x8 c:/software/altera/15.1/nios2eds/bin/gnu/h-x86_64-mingw32/bin/../lib/gcc/nios2-elf/4.9.2/../../../../../H-x86_64-mingw32/nios2-elf/lib\libc.a(lib_a-stdio.o)
                0x000000000080c328                __seofread
 .text.__swrite
                0x000000000080c330       0x7c c:/software/altera/15.1/nios2eds/bin/gnu/h-x86_64-mingw32/bin/../lib/gcc/nios2-elf/4.9.2/../../../../../H-x86_64-mingw32/nios2-elf/lib\libc.a(lib_a-stdio.o)
                0x000000000080c330                __swrite
 .text.__sseek  0x000000000080c3ac       0x5c c:/software/altera/15.1/nios2eds/bin/gnu/h-x86_64-mingw32/bin/../lib/gcc/nios2-elf/4.9.2/../../../../../H-x86_64-mingw32/nios2-elf/lib\libc.a(lib_a-stdio.o)
                0x000000000080c3ac                __sseek
 .text.__sclose
                0x000000000080c408        0x8 c:/software/altera/15.1/nios2eds/bin/gnu/h-x86_64-mingw32/bin/../lib/gcc/nios2-elf/4.9.2/../../../../../H-x86_64-mingw32/nios2-elf/lib\libc.a(lib_a-stdio.o)
                0x000000000080c408                __sclose
 .text          0x000000000080c410        0x0 c:/software/altera/15.1/nios2eds/bin/gnu/h-x86_64-mingw32/bin/../lib/gcc/nios2-elf/4.9.2/../../../../../H-x86_64-mingw32/nios2-elf/lib\libc.a(lib_a-wbuf.o)
 .text.__swbuf_r
                0x000000000080c410      0x138 c:/software/altera/15.1/nios2eds/bin/gnu/h-x86_64-mingw32/bin/../lib/gcc/nios2-elf/4.9.2/../../../../../H-x86_64-mingw32/nios2-elf/lib\libc.a(lib_a-wbuf.o)
                0x000000000080c410                __swbuf_r
 .text.__swbuf  0x000000000080c548       0x1c c:/software/altera/15.1/nios2eds/bin/gnu/h-x86_64-mingw32/bin/../lib/gcc/nios2-elf/4.9.2/../../../../../H-x86_64-mingw32/nios2-elf/lib\libc.a(lib_a-wbuf.o)
                0x000000000080c548                __swbuf
 .text          0x000000000080c564        0x0 c:/software/altera/15.1/nios2eds/bin/gnu/h-x86_64-mingw32/bin/../lib/gcc/nios2-elf/4.9.2/../../../../../H-x86_64-mingw32/nios2-elf/lib\libc.a(lib_a-writer.o)
 .text._write_r
                0x000000000080c564       0x5c c:/software/altera/15.1/nios2eds/bin/gnu/h-x86_64-mingw32/bin/../lib/gcc/nios2-elf/4.9.2/../../../../../H-x86_64-mingw32/nios2-elf/lib\libc.a(lib_a-writer.o)
                0x000000000080c564                _write_r
 .text          0x000000000080c5c0        0x0 c:/software/altera/15.1/nios2eds/bin/gnu/h-x86_64-mingw32/bin/../lib/gcc/nios2-elf/4.9.2/../../../../../H-x86_64-mingw32/nios2-elf/lib\libc.a(lib_a-wsetup.o)
 .text.__swsetup_r
                0x000000000080c5c0      0x154 c:/software/altera/15.1/nios2eds/bin/gnu/h-x86_64-mingw32/bin/../lib/gcc/nios2-elf/4.9.2/../../../../../H-x86_64-mingw32/nios2-elf/lib\libc.a(lib_a-wsetup.o)
                0x000000000080c5c0                __swsetup_r
 .text          0x000000000080c714        0x0 c:/software/altera/15.1/nios2eds/bin/gnu/h-x86_64-mingw32/bin/../lib/gcc/nios2-elf/4.9.2/../../../../../H-x86_64-mingw32/nios2-elf/lib\libc.a(closer.o)
 .text._close_r
                0x000000000080c714       0x54 c:/software/altera/15.1/nios2eds/bin/gnu/h-x86_64-mingw32/bin/../lib/gcc/nios2-elf/4.9.2/../../../../../H-x86_64-mingw32/nios2-elf/lib\libc.a(closer.o)
                0x000000000080c714                _close_r
 .text          0x000000000080c768        0x0 c:/software/altera/15.1/nios2eds/bin/gnu/h-x86_64-mingw32/bin/../lib/gcc/nios2-elf/4.9.2/../../../../../H-x86_64-mingw32/nios2-elf/lib\libc.a(lib_a-fclose.o)
 .text._fclose_r
                0x000000000080c768       0xf0 c:/software/altera/15.1/nios2eds/bin/gnu/h-x86_64-mingw32/bin/../lib/gcc/nios2-elf/4.9.2/../../../../../H-x86_64-mingw32/nios2-elf/lib\libc.a(lib_a-fclose.o)
                0x000000000080c768                _fclose_r
 .text.fclose   0x000000000080c858       0x14 c:/software/altera/15.1/nios2eds/bin/gnu/h-x86_64-mingw32/bin/../lib/gcc/nios2-elf/4.9.2/../../../../../H-x86_64-mingw32/nios2-elf/lib\libc.a(lib_a-fclose.o)
                0x000000000080c858                fclose
 .text          0x000000000080c86c        0x0 c:/software/altera/15.1/nios2eds/bin/gnu/h-x86_64-mingw32/bin/../lib/gcc/nios2-elf/4.9.2/../../../../../H-x86_64-mingw32/nios2-elf/lib\libc.a(lib_a-fstatr.o)
 .text._fstat_r
                0x000000000080c86c       0x58 c:/software/altera/15.1/nios2eds/bin/gnu/h-x86_64-mingw32/bin/../lib/gcc/nios2-elf/4.9.2/../../../../../H-x86_64-mingw32/nios2-elf/lib\libc.a(lib_a-fstatr.o)
                0x000000000080c86c                _fstat_r
 .text          0x000000000080c8c4        0x0 c:/software/altera/15.1/nios2eds/bin/gnu/h-x86_64-mingw32/bin/../lib/gcc/nios2-elf/4.9.2/../../../../../H-x86_64-mingw32/nios2-elf/lib\libc.a(lib_a-isattyr.o)
 .text._isatty_r
                0x000000000080c8c4       0x54 c:/software/altera/15.1/nios2eds/bin/gnu/h-x86_64-mingw32/bin/../lib/gcc/nios2-elf/4.9.2/../../../../../H-x86_64-mingw32/nios2-elf/lib\libc.a(lib_a-isattyr.o)
                0x000000000080c8c4                _isatty_r
 .text          0x000000000080c918        0x0 c:/software/altera/15.1/nios2eds/bin/gnu/h-x86_64-mingw32/bin/../lib/gcc/nios2-elf/4.9.2/../../../../../H-x86_64-mingw32/nios2-elf/lib\libc.a(lib_a-lseekr.o)
 .text._lseek_r
                0x000000000080c918       0x5c c:/software/altera/15.1/nios2eds/bin/gnu/h-x86_64-mingw32/bin/../lib/gcc/nios2-elf/4.9.2/../../../../../H-x86_64-mingw32/nios2-elf/lib\libc.a(lib_a-lseekr.o)
                0x000000000080c918                _lseek_r
 .text          0x000000000080c974        0x0 c:/software/altera/15.1/nios2eds/bin/gnu/h-x86_64-mingw32/bin/../lib/gcc/nios2-elf/4.9.2/../../../../../H-x86_64-mingw32/nios2-elf/lib\libc.a(lib_a-readr.o)
 .text._read_r  0x000000000080c974       0x5c c:/software/altera/15.1/nios2eds/bin/gnu/h-x86_64-mingw32/bin/../lib/gcc/nios2-elf/4.9.2/../../../../../H-x86_64-mingw32/nios2-elf/lib\libc.a(lib_a-readr.o)
                0x000000000080c974                _read_r
 .text          0x000000000080c9d0      0x140 ../lab2_bsp/\libhal_bsp.a(alt_alarm_start.o)
                0x000000000080c9d0                alt_alarm_start
 .text          0x000000000080cb10      0x120 ../lab2_bsp/\libhal_bsp.a(alt_close.o)
                0x000000000080cb60                close
 .text          0x000000000080cc30       0x2c ../lab2_bsp/\libhal_bsp.a(alt_dev.o)
 .text          0x000000000080cc5c        0x0 ../lab2_bsp/\libhal_bsp.a(alt_errno.o)
 .text          0x000000000080cc5c      0x100 ../lab2_bsp/\libhal_bsp.a(alt_fstat.o)
                0x000000000080ccac                fstat
 .text          0x000000000080cd5c       0xf4 ../lab2_bsp/\libhal_bsp.a(alt_isatty.o)
                0x000000000080cdac                isatty
 .text          0x000000000080ce50       0xe4 ../lab2_bsp/\libhal_bsp.a(alt_load.o)
                0x000000000080ceb4                alt_load
 .text          0x000000000080cf34      0x124 ../lab2_bsp/\libhal_bsp.a(alt_lseek.o)
                0x000000000080cf84                lseek
 .text          0x000000000080d058       0x78 ../lab2_bsp/\libhal_bsp.a(alt_main.o)
                0x000000000080d058                alt_main
 .text          0x000000000080d0d0       0x40 ../lab2_bsp/\libhal_bsp.a(alt_malloc_lock.o)
                0x000000000080d0d0                __malloc_lock
                0x000000000080d0f0                __malloc_unlock
 .text          0x000000000080d110      0x228 ../lab2_bsp/\libhal_bsp.a(alt_printf.o)
                0x000000000080d110                alt_printf
 .text          0x000000000080d338       0x44 ../lab2_bsp/\libhal_bsp.a(alt_putchar.o)
                0x000000000080d338                alt_putchar
 .text          0x000000000080d37c      0x14c ../lab2_bsp/\libhal_bsp.a(alt_read.o)
                0x000000000080d3cc                read
 .text          0x000000000080d4c8       0x60 ../lab2_bsp/\libhal_bsp.a(alt_release_fd.o)
                0x000000000080d4c8                alt_release_fd
 .text          0x000000000080d528       0xb0 ../lab2_bsp/\libhal_bsp.a(alt_sbrk.o)
                0x000000000080d528                sbrk
 .text          0x000000000080d5d8      0x19c ../lab2_bsp/\libhal_bsp.a(alt_tick.o)
                0x000000000080d5d8                alt_alarm_stop
                0x000000000080d670                alt_tick
 .text          0x000000000080d774      0x148 ../lab2_bsp/\libhal_bsp.a(alt_write.o)
                0x000000000080d7c4                write
 .text          0x000000000080d8bc       0xf0 ../lab2_bsp/\libhal_bsp.a(alt_sys_init.o)
                0x000000000080d8f4                alt_irq_init
                0x000000000080d928                alt_sys_init
 .text          0x000000000080d9ac       0xc0 ../lab2_bsp/\libhal_bsp.a(altera_avalon_jtag_uart_fd.o)
                0x000000000080d9ac                altera_avalon_jtag_uart_read_fd
                0x000000000080da0c                altera_avalon_jtag_uart_write_fd
 .text          0x000000000080da6c       0xe4 ../lab2_bsp/\libhal_bsp.a(altera_avalon_jtag_uart_read.o)
                0x000000000080da6c                altera_avalon_jtag_uart_read
 .text          0x000000000080db50       0x94 ../lab2_bsp/\libhal_bsp.a(altera_avalon_jtag_uart_write.o)
                0x000000000080db50                altera_avalon_jtag_uart_write
 .text          0x000000000080dbe4      0xe70 ../lab2_bsp/\libhal_bsp.a(altera_avalon_lcd_16207.o)
                0x000000000080e388                altera_avalon_lcd_16207_write
                0x000000000080e91c                altera_avalon_lcd_16207_init
 .text          0x000000000080ea54       0x60 ../lab2_bsp/\libhal_bsp.a(altera_avalon_lcd_16207_fd.o)
                0x000000000080ea54                altera_avalon_lcd_16207_write_fd
 .text          0x000000000080eab4      0x110 ../lab2_bsp/\libhal_bsp.a(altera_avalon_uart_fd.o)
                0x000000000080eab4                altera_avalon_uart_read_fd
                0x000000000080eb14                altera_avalon_uart_write_fd
                0x000000000080eb74                altera_avalon_uart_close_fd
 .text          0x000000000080ebc4      0x3b4 ../lab2_bsp/\libhal_bsp.a(altera_avalon_uart_init.o)
                0x000000000080ebc4                altera_avalon_uart_init
                0x000000000080ef24                altera_avalon_uart_close
 .text          0x000000000080ef78      0x22c ../lab2_bsp/\libhal_bsp.a(altera_avalon_uart_read.o)
                0x000000000080efc8                altera_avalon_uart_read
 .text          0x000000000080f1a4      0x1fc ../lab2_bsp/\libhal_bsp.a(altera_avalon_uart_write.o)
                0x000000000080f1f4                altera_avalon_uart_write
 .text          0x000000000080f3a0      0x794 ../lab2_bsp/\libhal_bsp.a(altera_up_avalon_audio.o)
                0x000000000080f3a0                alt_up_audio_open_dev
                0x000000000080f3e0                alt_up_audio_enable_read_interrupt
                0x000000000080f430                alt_up_audio_disable_read_interrupt
                0x000000000080f484                alt_up_audio_enable_write_interrupt
                0x000000000080f4d4                alt_up_audio_disable_write_interrupt
                0x000000000080f528                alt_up_audio_read_interrupt_pending
                0x000000000080f568                alt_up_audio_write_interrupt_pending
                0x000000000080f5a8                alt_up_audio_reset_audio_core
                0x000000000080f638                alt_up_audio_read_fifo_avail
                0x000000000080f698                alt_up_audio_record_r
                0x000000000080f700                alt_up_audio_record_l
                0x000000000080f768                alt_up_audio_write_fifo_space
                0x000000000080f7c8                alt_up_audio_play_r
                0x000000000080f830                alt_up_audio_play_l
                0x000000000080f898                alt_up_audio_read_fifo
                0x000000000080f978                alt_up_audio_write_fifo
                0x000000000080fa80                alt_up_audio_read_fifo_head
                0x000000000080fad0                alt_up_audio_write_fifo_head
 .text          0x000000000080fb34       0x44 ../lab2_bsp/\libhal_bsp.a(alt_dcache_flush_all.o)
                0x000000000080fb34                alt_dcache_flush_all
 .text          0x000000000080fb78       0xf4 ../lab2_bsp/\libhal_bsp.a(alt_dev_llist_insert.o)
                0x000000000080fbc8                alt_dev_llist_insert
 .text          0x000000000080fc6c       0x5c ../lab2_bsp/\libhal_bsp.a(alt_do_ctors.o)
                0x000000000080fc6c                _do_ctors
 .text          0x000000000080fcc8       0x5c ../lab2_bsp/\libhal_bsp.a(alt_do_dtors.o)
                0x000000000080fcc8                _do_dtors
 .text          0x000000000080fd24       0x90 ../lab2_bsp/\libhal_bsp.a(alt_find_dev.o)
                0x000000000080fd24                alt_find_dev
 .text          0x000000000080fdb4       0x30 ../lab2_bsp/\libhal_bsp.a(alt_icache_flush_all.o)
                0x000000000080fdb4                alt_icache_flush_all
 .text          0x000000000080fde4      0x138 ../lab2_bsp/\libhal_bsp.a(alt_io_redirect.o)
                0x000000000080fea4                alt_io_redirect
 .text          0x000000000080ff1c      0x1b0 ../lab2_bsp/\libhal_bsp.a(alt_irq_register.o)
                0x000000000080ff1c                alt_irq_register
 .text          0x00000000008100cc        0x0 ../lab2_bsp/\libhal_bsp.a(alt_irq_vars.o)
 .text          0x00000000008100cc      0x274 ../lab2_bsp/\libhal_bsp.a(alt_open.o)
                0x00000000008101e8                open
 .text          0x0000000000810340       0x30 ../lab2_bsp/\libhal_bsp.a(alt_usleep.o)
                0x0000000000810340                usleep
 .text          0x0000000000810370       0x20 ../lab2_bsp/\libhal_bsp.a(altera_nios2_gen2_irq.o)
                0x0000000000810370                altera_nios2_gen2_irq_init
 .text          0x0000000000810390      0x158 ../lab2_bsp/\libhal_bsp.a(alt_busy_sleep.o)
                0x0000000000810390                alt_busy_sleep
 .text          0x00000000008104e8      0x114 ../lab2_bsp/\libhal_bsp.a(alt_find_file.o)
                0x00000000008104e8                alt_find_file
 .text          0x00000000008105fc       0xb4 ../lab2_bsp/\libhal_bsp.a(alt_get_fd.o)
                0x00000000008105fc                alt_get_fd
 .text          0x00000000008106b0       0x8c ../lab2_bsp/\libhal_bsp.a(alt_icache_flush.o)
                0x00000000008106b0                alt_icache_flush
 .text          0x000000000081073c        0x0 ../lab2_bsp/\libhal_bsp.a(alt_irq_entry.o)
 .text          0x000000000081073c        0x0 ../lab2_bsp/\libhal_bsp.a(alt_irq_handler.o)
 .text          0x000000000081073c        0x0 ../lab2_bsp/\libhal_bsp.a(alt_exception_entry.o)
 .text          0x000000000081073c       0x9c ../lab2_bsp/\libhal_bsp.a(alt_instruction_exception_entry.o)
                0x000000000081073c                alt_exception_cause_generated_bad_addr
 .text          0x00000000008107d8        0x0 c:/software/altera/15.1/nios2eds/bin/gnu/h-x86_64-mingw32/bin/../lib/gcc/nios2-elf/4.9.2/../../../../../H-x86_64-mingw32/nios2-elf/lib\libc.a(lib_a-atexit.o)
 .text.atexit   0x00000000008107d8       0x14 c:/software/altera/15.1/nios2eds/bin/gnu/h-x86_64-mingw32/bin/../lib/gcc/nios2-elf/4.9.2/../../../../../H-x86_64-mingw32/nios2-elf/lib\libc.a(lib_a-atexit.o)
                0x00000000008107d8                atexit
 .text          0x00000000008107ec        0x0 c:/software/altera/15.1/nios2eds/bin/gnu/h-x86_64-mingw32/bin/../lib/gcc/nios2-elf/4.9.2/../../../../../H-x86_64-mingw32/nios2-elf/lib\libc.a(lib_a-ctype_.o)
 .text          0x00000000008107ec        0x0 c:/software/altera/15.1/nios2eds/bin/gnu/h-x86_64-mingw32/bin/../lib/gcc/nios2-elf/4.9.2/../../../../../H-x86_64-mingw32/nios2-elf/lib\libc.a(lib_a-exit.o)
 .text.exit     0x00000000008107ec       0x38 c:/software/altera/15.1/nios2eds/bin/gnu/h-x86_64-mingw32/bin/../lib/gcc/nios2-elf/4.9.2/../../../../../H-x86_64-mingw32/nios2-elf/lib\libc.a(lib_a-exit.o)
                0x00000000008107ec                exit
 .text          0x0000000000810824        0x0 c:/software/altera/15.1/nios2eds/bin/gnu/h-x86_64-mingw32/bin/../lib/gcc/nios2-elf/4.9.2/../../../../../H-x86_64-mingw32/nios2-elf/lib\libc.a(lib_a-memcmp.o)
 .text.memcmp   0x0000000000810824       0x7c c:/software/altera/15.1/nios2eds/bin/gnu/h-x86_64-mingw32/bin/../lib/gcc/nios2-elf/4.9.2/../../../../../H-x86_64-mingw32/nios2-elf/lib\libc.a(lib_a-memcmp.o)
                0x0000000000810824                memcmp
 .text          0x00000000008108a0        0x0 c:/software/altera/15.1/nios2eds/bin/gnu/h-x86_64-mingw32/bin/../lib/gcc/nios2-elf/4.9.2/../../../../../H-x86_64-mingw32/nios2-elf/lib\libc.a(lib_a-__atexit.o)
 .text.__register_exitproc
                0x00000000008108a0      0x114 c:/software/altera/15.1/nios2eds/bin/gnu/h-x86_64-mingw32/bin/../lib/gcc/nios2-elf/4.9.2/../../../../../H-x86_64-mingw32/nios2-elf/lib\libc.a(lib_a-__atexit.o)
                0x00000000008108a0                __register_exitproc
 .text          0x00000000008109b4        0x0 c:/software/altera/15.1/nios2eds/bin/gnu/h-x86_64-mingw32/bin/../lib/gcc/nios2-elf/4.9.2/../../../../../H-x86_64-mingw32/nios2-elf/lib\libc.a(lib_a-__call_atexit.o)
 .text.__call_exitprocs
                0x00000000008109b4      0x194 c:/software/altera/15.1/nios2eds/bin/gnu/h-x86_64-mingw32/bin/../lib/gcc/nios2-elf/4.9.2/../../../../../H-x86_64-mingw32/nios2-elf/lib\libc.a(lib_a-__call_atexit.o)
                0x00000000008109b4                __call_exitprocs
 .text          0x0000000000810b48       0x34 ../lab2_bsp/\libhal_bsp.a(alt_exit.o)
                0x0000000000810b48                _exit
 *(.gnu.warning.*)
 *(.fini)
                0x0000000000810b7c                PROVIDE (__etext, ABSOLUTE (.))
                0x0000000000810b7c                PROVIDE (_etext, ABSOLUTE (.))
                0x0000000000810b7c                PROVIDE (etext, ABSOLUTE (.))
 *(.eh_frame_hdr)
                0x0000000000810b7c                . = ALIGN (0x4)
                0x0000000000810b7c                PROVIDE (__preinit_array_start, ABSOLUTE (.))
 *(.preinit_array)
                0x0000000000810b7c                PROVIDE (__preinit_array_end, ABSOLUTE (.))
                0x0000000000810b7c                PROVIDE (__init_array_start, ABSOLUTE (.))
 *(.init_array)
                0x0000000000810b7c                PROVIDE (__init_array_end, ABSOLUTE (.))
                0x0000000000810b7c                PROVIDE (__fini_array_start, ABSOLUTE (.))
 *(.fini_array)
                0x0000000000810b7c                PROVIDE (__fini_array_end, ABSOLUTE (.))
 *(.eh_frame)
 *(.gcc_except_table .gcc_except_table.*)
 *(.dynamic)
                0x0000000000810b7c                PROVIDE (__CTOR_LIST__, ABSOLUTE (.))
 *(.ctors)
 *(SORT(.ctors.*))
                0x0000000000810b7c                PROVIDE (__CTOR_END__, ABSOLUTE (.))
                0x0000000000810b7c                PROVIDE (__DTOR_LIST__, ABSOLUTE (.))
 *(.dtors)
 *(SORT(.dtors.*))
                0x0000000000810b7c                PROVIDE (__DTOR_END__, ABSOLUTE (.))
 *(.jcr)
                0x0000000000810b7c                . = ALIGN (0x4)

.rodata         0x0000000000810b7c      0xa84
                0x0000000000810b7c                PROVIDE (__ram_rodata_start, ABSOLUTE (.))
                0x0000000000810b7c                . = ALIGN (0x4)
 *(.rodata .rodata.* .gnu.linkonce.r.*)
 .rodata        0x0000000000810b7c       0xf0 obj/default/ff.o
 .rodata        0x0000000000810c6c      0x68c obj/default/main.o
 .rodata        0x00000000008112f8       0x10 obj/default/monitor.o
 .rodata.str1.4
                0x0000000000811308        0x4 c:/software/altera/15.1/nios2eds/bin/gnu/h-x86_64-mingw32/bin/../lib/gcc/nios2-elf/4.9.2/../../../../../H-x86_64-mingw32/nios2-elf/lib\libc.a(lib_a-impure.o)
 .rodata        0x000000000081130c        0xc ../lab2_bsp/\libhal_bsp.a(alt_dev.o)
 .rodata        0x0000000000811318       0x14 ../lab2_bsp/\libhal_bsp.a(alt_main.o)
 .rodata        0x000000000081132c       0x50 ../lab2_bsp/\libhal_bsp.a(alt_sys_init.o)
 .rodata._ctype_
                0x000000000081137c      0x101 c:/software/altera/15.1/nios2eds/bin/gnu/h-x86_64-mingw32/bin/../lib/gcc/nios2-elf/4.9.2/../../../../../H-x86_64-mingw32/nios2-elf/lib\libc.a(lib_a-ctype_.o)
                0x000000000081137c                _ctype_
 .rodata._ctype_b
                0x000000000081147d      0x180 c:/software/altera/15.1/nios2eds/bin/gnu/h-x86_64-mingw32/bin/../lib/gcc/nios2-elf/4.9.2/../../../../../H-x86_64-mingw32/nios2-elf/lib\libc.a(lib_a-ctype_.o)
 *(.rodata1)
                0x0000000000811600                . = ALIGN (0x4)
 *fill*         0x00000000008115fd        0x3 
                0x0000000000811600                PROVIDE (__ram_rodata_end, ABSOLUTE (.))
                0x0000000000810b7c                PROVIDE (__flash_rodata_start, LOADADDR (.rodata))

.rwdata         0x0000000000811600      0xc8c load address 0x000000000081228c
                0x0000000000811600                PROVIDE (__ram_rwdata_start, ABSOLUTE (.))
                0x0000000000811600                . = ALIGN (0x4)
 *(.got.plt)
 *(.got)
 *(.data1)
 *(.data .data.* .gnu.linkonce.d.*)
 .data          0x0000000000811600        0x0 ../lab2_bsp//obj/HAL/src/crt0.o
 .data          0x0000000000811600        0x0 obj/default/fatfs.o
 .data          0x0000000000811600        0x0 obj/default/fatfs_diskio.o
 .data          0x0000000000811600        0x0 obj/default/fatfs_nios2_de0_nano_spi.o
 .data          0x0000000000811600        0x0 obj/default/fatfs_nios2_de1_pio.o
 .data          0x0000000000811600        0x0 obj/default/fatfs_nios2_de1_spi.o
 .data          0x0000000000811600        0x0 obj/default/ff.o
 .data          0x0000000000811600        0x0 obj/default/main.o
 .data          0x0000000000811600        0x0 obj/default/monitor.o
 .data          0x0000000000811600        0x0 obj/default/uart_nios2.o
 .data          0x0000000000811600        0x0 c:/software/altera/15.1/nios2eds/bin/gnu/h-x86_64-mingw32/bin/../lib/gcc/nios2-elf/4.9.2\libgcc.a(lib2-divmod.o)
 .data          0x0000000000811600        0x0 c:/software/altera/15.1/nios2eds/bin/gnu/h-x86_64-mingw32/bin/../lib/gcc/nios2-elf/4.9.2/../../../../../H-x86_64-mingw32/nios2-elf/lib\libc.a(lib_a-fread.o)
 .data          0x0000000000811600        0x0 c:/software/altera/15.1/nios2eds/bin/gnu/h-x86_64-mingw32/bin/../lib/gcc/nios2-elf/4.9.2/../../../../../H-x86_64-mingw32/nios2-elf/lib\libc.a(lib_a-freer.o)
 .data          0x0000000000811600        0x0 c:/software/altera/15.1/nios2eds/bin/gnu/h-x86_64-mingw32/bin/../lib/gcc/nios2-elf/4.9.2/../../../../../H-x86_64-mingw32/nios2-elf/lib\libc.a(lib_a-getc.o)
 .data          0x0000000000811600        0x0 c:/software/altera/15.1/nios2eds/bin/gnu/h-x86_64-mingw32/bin/../lib/gcc/nios2-elf/4.9.2/../../../../../H-x86_64-mingw32/nios2-elf/lib\libc.a(lib_a-impure.o)
 .data.impure_data
                0x0000000000811600      0x424 c:/software/altera/15.1/nios2eds/bin/gnu/h-x86_64-mingw32/bin/../lib/gcc/nios2-elf/4.9.2/../../../../../H-x86_64-mingw32/nios2-elf/lib\libc.a(lib_a-impure.o)
 .data          0x0000000000811a24        0x0 c:/software/altera/15.1/nios2eds/bin/gnu/h-x86_64-mingw32/bin/../lib/gcc/nios2-elf/4.9.2/../../../../../H-x86_64-mingw32/nios2-elf/lib\libc.a(lib_a-mallocr.o)
 .data.__malloc_av_
                0x0000000000811a24      0x408 c:/software/altera/15.1/nios2eds/bin/gnu/h-x86_64-mingw32/bin/../lib/gcc/nios2-elf/4.9.2/../../../../../H-x86_64-mingw32/nios2-elf/lib\libc.a(lib_a-mallocr.o)
                0x0000000000811a24                __malloc_av_
 .data          0x0000000000811e2c        0x0 c:/software/altera/15.1/nios2eds/bin/gnu/h-x86_64-mingw32/bin/../lib/gcc/nios2-elf/4.9.2/../../../../../H-x86_64-mingw32/nios2-elf/lib\libc.a(lib_a-memcpy.o)
 .data          0x0000000000811e2c        0x0 c:/software/altera/15.1/nios2eds/bin/gnu/h-x86_64-mingw32/bin/../lib/gcc/nios2-elf/4.9.2/../../../../../H-x86_64-mingw32/nios2-elf/lib\libc.a(lib_a-memset.o)
 .data          0x0000000000811e2c        0x0 c:/software/altera/15.1/nios2eds/bin/gnu/h-x86_64-mingw32/bin/../lib/gcc/nios2-elf/4.9.2/../../../../../H-x86_64-mingw32/nios2-elf/lib\libc.a(lib_a-putchar.o)
 .data          0x0000000000811e2c        0x0 c:/software/altera/15.1/nios2eds/bin/gnu/h-x86_64-mingw32/bin/../lib/gcc/nios2-elf/4.9.2/../../../../../H-x86_64-mingw32/nios2-elf/lib\libc.a(lib_a-refill.o)
 .data          0x0000000000811e2c        0x0 c:/software/altera/15.1/nios2eds/bin/gnu/h-x86_64-mingw32/bin/../lib/gcc/nios2-elf/4.9.2/../../../../../H-x86_64-mingw32/nios2-elf/lib\libc.a(lib_a-rget.o)
 .data          0x0000000000811e2c        0x0 c:/software/altera/15.1/nios2eds/bin/gnu/h-x86_64-mingw32/bin/../lib/gcc/nios2-elf/4.9.2/../../../../../H-x86_64-mingw32/nios2-elf/lib\libc.a(lib_a-sbrkr.o)
 .data          0x0000000000811e2c        0x0 c:/software/altera/15.1/nios2eds/bin/gnu/h-x86_64-mingw32/bin/../lib/gcc/nios2-elf/4.9.2/../../../../../H-x86_64-mingw32/nios2-elf/lib\libc.a(lib_a-strcpy.o)
 .data          0x0000000000811e2c        0x0 c:/software/altera/15.1/nios2eds/bin/gnu/h-x86_64-mingw32/bin/../lib/gcc/nios2-elf/4.9.2/../../../../../H-x86_64-mingw32/nios2-elf/lib\libc.a(lib_a-strlen.o)
 .data          0x0000000000811e2c        0x0 c:/software/altera/15.1/nios2eds/bin/gnu/h-x86_64-mingw32/bin/../lib/gcc/nios2-elf/4.9.2/../../../../../H-x86_64-mingw32/nios2-elf/lib\libc.a(lib_a-fflush.o)
 .data          0x0000000000811e2c        0x0 c:/software/altera/15.1/nios2eds/bin/gnu/h-x86_64-mingw32/bin/../lib/gcc/nios2-elf/4.9.2/../../../../../H-x86_64-mingw32/nios2-elf/lib\libc.a(lib_a-findfp.o)
 .data          0x0000000000811e2c        0x0 c:/software/altera/15.1/nios2eds/bin/gnu/h-x86_64-mingw32/bin/../lib/gcc/nios2-elf/4.9.2/../../../../../H-x86_64-mingw32/nios2-elf/lib\libc.a(lib_a-fwalk.o)
 .data          0x0000000000811e2c        0x0 c:/software/altera/15.1/nios2eds/bin/gnu/h-x86_64-mingw32/bin/../lib/gcc/nios2-elf/4.9.2/../../../../../H-x86_64-mingw32/nios2-elf/lib\libc.a(lib_a-int_errno.o)
 .data          0x0000000000811e2c        0x0 c:/software/altera/15.1/nios2eds/bin/gnu/h-x86_64-mingw32/bin/../lib/gcc/nios2-elf/4.9.2/../../../../../H-x86_64-mingw32/nios2-elf/lib\libc.a(lib_a-makebuf.o)
 .data          0x0000000000811e2c        0x0 c:/software/altera/15.1/nios2eds/bin/gnu/h-x86_64-mingw32/bin/../lib/gcc/nios2-elf/4.9.2/../../../../../H-x86_64-mingw32/nios2-elf/lib\libc.a(lib_a-putc.o)
 .data          0x0000000000811e2c        0x0 c:/software/altera/15.1/nios2eds/bin/gnu/h-x86_64-mingw32/bin/../lib/gcc/nios2-elf/4.9.2/../../../../../H-x86_64-mingw32/nios2-elf/lib\libc.a(lib_a-stdio.o)
 .data          0x0000000000811e2c        0x0 c:/software/altera/15.1/nios2eds/bin/gnu/h-x86_64-mingw32/bin/../lib/gcc/nios2-elf/4.9.2/../../../../../H-x86_64-mingw32/nios2-elf/lib\libc.a(lib_a-wbuf.o)
 .data          0x0000000000811e2c        0x0 c:/software/altera/15.1/nios2eds/bin/gnu/h-x86_64-mingw32/bin/../lib/gcc/nios2-elf/4.9.2/../../../../../H-x86_64-mingw32/nios2-elf/lib\libc.a(lib_a-writer.o)
 .data          0x0000000000811e2c        0x0 c:/software/altera/15.1/nios2eds/bin/gnu/h-x86_64-mingw32/bin/../lib/gcc/nios2-elf/4.9.2/../../../../../H-x86_64-mingw32/nios2-elf/lib\libc.a(lib_a-wsetup.o)
 .data          0x0000000000811e2c        0x0 c:/software/altera/15.1/nios2eds/bin/gnu/h-x86_64-mingw32/bin/../lib/gcc/nios2-elf/4.9.2/../../../../../H-x86_64-mingw32/nios2-elf/lib\libc.a(closer.o)
 .data          0x0000000000811e2c        0x0 c:/software/altera/15.1/nios2eds/bin/gnu/h-x86_64-mingw32/bin/../lib/gcc/nios2-elf/4.9.2/../../../../../H-x86_64-mingw32/nios2-elf/lib\libc.a(lib_a-fclose.o)
 .data          0x0000000000811e2c        0x0 c:/software/altera/15.1/nios2eds/bin/gnu/h-x86_64-mingw32/bin/../lib/gcc/nios2-elf/4.9.2/../../../../../H-x86_64-mingw32/nios2-elf/lib\libc.a(lib_a-fstatr.o)
 .data          0x0000000000811e2c        0x0 c:/software/altera/15.1/nios2eds/bin/gnu/h-x86_64-mingw32/bin/../lib/gcc/nios2-elf/4.9.2/../../../../../H-x86_64-mingw32/nios2-elf/lib\libc.a(lib_a-isattyr.o)
 .data          0x0000000000811e2c        0x0 c:/software/altera/15.1/nios2eds/bin/gnu/h-x86_64-mingw32/bin/../lib/gcc/nios2-elf/4.9.2/../../../../../H-x86_64-mingw32/nios2-elf/lib\libc.a(lib_a-lseekr.o)
 .data          0x0000000000811e2c        0x0 c:/software/altera/15.1/nios2eds/bin/gnu/h-x86_64-mingw32/bin/../lib/gcc/nios2-elf/4.9.2/../../../../../H-x86_64-mingw32/nios2-elf/lib\libc.a(lib_a-readr.o)
 .data          0x0000000000811e2c        0x0 ../lab2_bsp/\libhal_bsp.a(alt_alarm_start.o)
 .data          0x0000000000811e2c        0x0 ../lab2_bsp/\libhal_bsp.a(alt_close.o)
 .data          0x0000000000811e2c      0x1a8 ../lab2_bsp/\libhal_bsp.a(alt_dev.o)
                0x0000000000811e2c                alt_dev_null
                0x0000000000811e54                alt_fd_list
 .data          0x0000000000811fd4        0x0 ../lab2_bsp/\libhal_bsp.a(alt_errno.o)
 .data          0x0000000000811fd4        0x0 ../lab2_bsp/\libhal_bsp.a(alt_fstat.o)
 .data          0x0000000000811fd4        0x0 ../lab2_bsp/\libhal_bsp.a(alt_isatty.o)
 .data          0x0000000000811fd4        0x0 ../lab2_bsp/\libhal_bsp.a(alt_load.o)
 .data          0x0000000000811fd4        0x0 ../lab2_bsp/\libhal_bsp.a(alt_lseek.o)
 .data          0x0000000000811fd4        0x0 ../lab2_bsp/\libhal_bsp.a(alt_main.o)
 .data          0x0000000000811fd4        0x0 ../lab2_bsp/\libhal_bsp.a(alt_malloc_lock.o)
 .data          0x0000000000811fd4        0x0 ../lab2_bsp/\libhal_bsp.a(alt_printf.o)
 .data          0x0000000000811fd4        0x0 ../lab2_bsp/\libhal_bsp.a(alt_putchar.o)
 .data          0x0000000000811fd4        0x0 ../lab2_bsp/\libhal_bsp.a(alt_read.o)
 .data          0x0000000000811fd4        0x0 ../lab2_bsp/\libhal_bsp.a(alt_release_fd.o)
 .data          0x0000000000811fd4        0x0 ../lab2_bsp/\libhal_bsp.a(alt_sbrk.o)
 .data          0x0000000000811fd4        0x0 ../lab2_bsp/\libhal_bsp.a(alt_tick.o)
 .data          0x0000000000811fd4        0x0 ../lab2_bsp/\libhal_bsp.a(alt_write.o)
 .data          0x0000000000811fd4      0x270 ../lab2_bsp/\libhal_bsp.a(alt_sys_init.o)
 .data          0x0000000000812244        0x0 ../lab2_bsp/\libhal_bsp.a(altera_avalon_jtag_uart_fd.o)
 .data          0x0000000000812244        0x0 ../lab2_bsp/\libhal_bsp.a(altera_avalon_jtag_uart_read.o)
 .data          0x0000000000812244        0x0 ../lab2_bsp/\libhal_bsp.a(altera_avalon_jtag_uart_write.o)
 .data          0x0000000000812244        0x0 ../lab2_bsp/\libhal_bsp.a(altera_avalon_lcd_16207.o)
 .data          0x0000000000812244        0x0 ../lab2_bsp/\libhal_bsp.a(altera_avalon_lcd_16207_fd.o)
 .data          0x0000000000812244        0x0 ../lab2_bsp/\libhal_bsp.a(altera_avalon_uart_fd.o)
 .data          0x0000000000812244        0x0 ../lab2_bsp/\libhal_bsp.a(altera_avalon_uart_init.o)
 .data          0x0000000000812244        0x0 ../lab2_bsp/\libhal_bsp.a(altera_avalon_uart_read.o)
 .data          0x0000000000812244        0x0 ../lab2_bsp/\libhal_bsp.a(altera_avalon_uart_write.o)
 .data          0x0000000000812244        0x0 ../lab2_bsp/\libhal_bsp.a(altera_up_avalon_audio.o)
 .data          0x0000000000812244        0x0 ../lab2_bsp/\libhal_bsp.a(alt_dcache_flush_all.o)
 .data          0x0000000000812244        0x0 ../lab2_bsp/\libhal_bsp.a(alt_dev_llist_insert.o)
 .data          0x0000000000812244        0x0 ../lab2_bsp/\libhal_bsp.a(alt_do_ctors.o)
 .data          0x0000000000812244        0x0 ../lab2_bsp/\libhal_bsp.a(alt_do_dtors.o)
 .data          0x0000000000812244        0x0 ../lab2_bsp/\libhal_bsp.a(alt_find_dev.o)
 .data          0x0000000000812244        0x0 ../lab2_bsp/\libhal_bsp.a(alt_icache_flush_all.o)
 .data          0x0000000000812244        0x0 ../lab2_bsp/\libhal_bsp.a(alt_io_redirect.o)
 .data          0x0000000000812244        0x0 ../lab2_bsp/\libhal_bsp.a(alt_irq_register.o)
 .data          0x0000000000812244        0x0 ../lab2_bsp/\libhal_bsp.a(alt_irq_vars.o)
 .data          0x0000000000812244        0x0 ../lab2_bsp/\libhal_bsp.a(alt_open.o)
 .data          0x0000000000812244        0x0 ../lab2_bsp/\libhal_bsp.a(alt_usleep.o)
 .data          0x0000000000812244        0x0 ../lab2_bsp/\libhal_bsp.a(altera_nios2_gen2_irq.o)
 .data          0x0000000000812244        0x0 ../lab2_bsp/\libhal_bsp.a(alt_busy_sleep.o)
 .data          0x0000000000812244        0x0 ../lab2_bsp/\libhal_bsp.a(alt_find_file.o)
 .data          0x0000000000812244        0x0 ../lab2_bsp/\libhal_bsp.a(alt_get_fd.o)
 .data          0x0000000000812244        0x0 ../lab2_bsp/\libhal_bsp.a(alt_icache_flush.o)
 .data          0x0000000000812244        0x0 ../lab2_bsp/\libhal_bsp.a(alt_irq_entry.o)
 .data          0x0000000000812244        0x0 ../lab2_bsp/\libhal_bsp.a(alt_irq_handler.o)
 .data          0x0000000000812244        0x0 ../lab2_bsp/\libhal_bsp.a(alt_exception_entry.o)
 .data          0x0000000000812244        0x0 ../lab2_bsp/\libhal_bsp.a(alt_instruction_exception_entry.o)
 .data          0x0000000000812244        0x0 c:/software/altera/15.1/nios2eds/bin/gnu/h-x86_64-mingw32/bin/../lib/gcc/nios2-elf/4.9.2/../../../../../H-x86_64-mingw32/nios2-elf/lib\libc.a(lib_a-atexit.o)
 .data          0x0000000000812244        0x0 c:/software/altera/15.1/nios2eds/bin/gnu/h-x86_64-mingw32/bin/../lib/gcc/nios2-elf/4.9.2/../../../../../H-x86_64-mingw32/nios2-elf/lib\libc.a(lib_a-ctype_.o)
 .data          0x0000000000812244        0x0 c:/software/altera/15.1/nios2eds/bin/gnu/h-x86_64-mingw32/bin/../lib/gcc/nios2-elf/4.9.2/../../../../../H-x86_64-mingw32/nios2-elf/lib\libc.a(lib_a-exit.o)
 .data          0x0000000000812244        0x0 c:/software/altera/15.1/nios2eds/bin/gnu/h-x86_64-mingw32/bin/../lib/gcc/nios2-elf/4.9.2/../../../../../H-x86_64-mingw32/nios2-elf/lib\libc.a(lib_a-memcmp.o)
 .data          0x0000000000812244        0x0 c:/software/altera/15.1/nios2eds/bin/gnu/h-x86_64-mingw32/bin/../lib/gcc/nios2-elf/4.9.2/../../../../../H-x86_64-mingw32/nios2-elf/lib\libc.a(lib_a-__atexit.o)
 .data          0x0000000000812244        0x0 c:/software/altera/15.1/nios2eds/bin/gnu/h-x86_64-mingw32/bin/../lib/gcc/nios2-elf/4.9.2/../../../../../H-x86_64-mingw32/nios2-elf/lib\libc.a(lib_a-__call_atexit.o)
 .data          0x0000000000812244        0x0 ../lab2_bsp/\libhal_bsp.a(alt_exit.o)
                0x000000000081a244                _gp = ABSOLUTE ((. + 0x8000))
                0x000000000081a244                PROVIDE (gp, _gp)
 *(.rwdata .rwdata.*)
 *(.sdata .sdata.* .gnu.linkonce.s.*)
 .sdata         0x0000000000812244        0x1 obj/default/fatfs_diskio.o
 .sdata         0x0000000000812245        0x4 obj/default/main.o
 *fill*         0x0000000000812249        0x3 
 .sdata._global_impure_ptr
                0x000000000081224c        0x4 c:/software/altera/15.1/nios2eds/bin/gnu/h-x86_64-mingw32/bin/../lib/gcc/nios2-elf/4.9.2/../../../../../H-x86_64-mingw32/nios2-elf/lib\libc.a(lib_a-impure.o)
                0x000000000081224c                _global_impure_ptr
 .sdata._impure_ptr
                0x0000000000812250        0x4 c:/software/altera/15.1/nios2eds/bin/gnu/h-x86_64-mingw32/bin/../lib/gcc/nios2-elf/4.9.2/../../../../../H-x86_64-mingw32/nios2-elf/lib\libc.a(lib_a-impure.o)
                0x0000000000812250                _impure_ptr
 .sdata.__malloc_sbrk_base
                0x0000000000812254        0x4 c:/software/altera/15.1/nios2eds/bin/gnu/h-x86_64-mingw32/bin/../lib/gcc/nios2-elf/4.9.2/../../../../../H-x86_64-mingw32/nios2-elf/lib\libc.a(lib_a-mallocr.o)
                0x0000000000812254                __malloc_sbrk_base
 .sdata.__malloc_trim_threshold
                0x0000000000812258        0x4 c:/software/altera/15.1/nios2eds/bin/gnu/h-x86_64-mingw32/bin/../lib/gcc/nios2-elf/4.9.2/../../../../../H-x86_64-mingw32/nios2-elf/lib\libc.a(lib_a-mallocr.o)
                0x0000000000812258                __malloc_trim_threshold
 .sdata         0x000000000081225c       0x14 ../lab2_bsp/\libhal_bsp.a(alt_dev.o)
                0x000000000081225c                alt_fs_list
                0x0000000000812264                alt_dev_list
                0x000000000081226c                alt_max_fd
 .sdata         0x0000000000812270        0x4 ../lab2_bsp/\libhal_bsp.a(alt_errno.o)
                0x0000000000812270                alt_errno
 .sdata         0x0000000000812274        0x4 ../lab2_bsp/\libhal_bsp.a(alt_sbrk.o)
 .sdata         0x0000000000812278        0x8 ../lab2_bsp/\libhal_bsp.a(alt_tick.o)
                0x0000000000812278                alt_alarm_list
 .sdata         0x0000000000812280        0x4 ../lab2_bsp/\libhal_bsp.a(altera_avalon_lcd_16207.o)
 .sdata         0x0000000000812284        0x4 ../lab2_bsp/\libhal_bsp.a(alt_irq_vars.o)
                0x0000000000812284                alt_priority_mask
 .sdata.__ctype_ptr__
                0x0000000000812288        0x4 c:/software/altera/15.1/nios2eds/bin/gnu/h-x86_64-mingw32/bin/../lib/gcc/nios2-elf/4.9.2/../../../../../H-x86_64-mingw32/nios2-elf/lib\libc.a(lib_a-ctype_.o)
                0x0000000000812288                __ctype_ptr__
 *(.sdata2 .sdata2.* .gnu.linkonce.s2.*)
                0x000000000081228c                . = ALIGN (0x4)
                0x000000000081228c                _edata = ABSOLUTE (.)
                0x000000000081228c                PROVIDE (edata, ABSOLUTE (.))
                0x000000000081228c                PROVIDE (__ram_rwdata_end, ABSOLUTE (.))
                0x000000000081228c                PROVIDE (__flash_rwdata_start, LOADADDR (.rwdata))

.bss            0x0000000000812f18     0x2940
                0x0000000000812f18                __bss_start = ABSOLUTE (.)
                0x0000000000812f18                PROVIDE (__sbss_start, ABSOLUTE (.))
                0x0000000000812f18                PROVIDE (___sbss_start, ABSOLUTE (.))
 *(.dynsbss)
 *(.sbss .sbss.* .gnu.linkonce.sb.*)
 .sbss          0x0000000000812f18       0x10 obj/default/fatfs_diskio.o
 .sbss          0x0000000000812f28        0x8 obj/default/ff.o
 .sbss          0x0000000000812f30        0x8 obj/default/main.o
 .sbss          0x0000000000812f38        0x8 obj/default/main.o
                0x0000000000812f38                acc_dirs
                0x0000000000812f3a                acc_files
                0x0000000000812f3c                acc_size
 .sbss.__malloc_max_total_mem
                0x0000000000812f40        0x4 c:/software/altera/15.1/nios2eds/bin/gnu/h-x86_64-mingw32/bin/../lib/gcc/nios2-elf/4.9.2/../../../../../H-x86_64-mingw32/nios2-elf/lib\libc.a(lib_a-mallocr.o)
                0x0000000000812f40                __malloc_max_total_mem
 .sbss.__malloc_max_sbrked_mem
                0x0000000000812f44        0x4 c:/software/altera/15.1/nios2eds/bin/gnu/h-x86_64-mingw32/bin/../lib/gcc/nios2-elf/4.9.2/../../../../../H-x86_64-mingw32/nios2-elf/lib\libc.a(lib_a-mallocr.o)
                0x0000000000812f44                __malloc_max_sbrked_mem
 .sbss.__malloc_top_pad
                0x0000000000812f48        0x4 c:/software/altera/15.1/nios2eds/bin/gnu/h-x86_64-mingw32/bin/../lib/gcc/nios2-elf/4.9.2/../../../../../H-x86_64-mingw32/nios2-elf/lib\libc.a(lib_a-mallocr.o)
                0x0000000000812f48                __malloc_top_pad
 .sbss          0x0000000000812f4c        0x4 c:/software/altera/15.1/nios2eds/bin/gnu/h-x86_64-mingw32/bin/../lib/gcc/nios2-elf/4.9.2/../../../../../H-x86_64-mingw32/nios2-elf/lib\libc.a(lib_a-int_errno.o)
                0x0000000000812f4c                errno
 .sbss          0x0000000000812f50        0xc ../lab2_bsp/\libhal_bsp.a(alt_main.o)
                0x0000000000812f50                alt_argc
                0x0000000000812f54                alt_argv
                0x0000000000812f58                alt_envp
 .sbss          0x0000000000812f5c        0x8 ../lab2_bsp/\libhal_bsp.a(alt_tick.o)
                0x0000000000812f5c                _alt_tick_rate
                0x0000000000812f60                _alt_nticks
 .sbss          0x0000000000812f64        0x4 ../lab2_bsp/\libhal_bsp.a(alt_irq_vars.o)
                0x0000000000812f64                alt_irq_active
 .sbss          0x0000000000812f68        0x4 ../lab2_bsp/\libhal_bsp.a(alt_instruction_exception_entry.o)
                0x0000000000812f68                alt_instruction_exception_handler
 *(.sbss2 .sbss2.* .gnu.linkonce.sb2.*)
 *(.scommon)
                0x0000000000812f6c                PROVIDE (__sbss_end, ABSOLUTE (.))
                0x0000000000812f6c                PROVIDE (___sbss_end, ABSOLUTE (.))
 *(.dynbss)
 *(.bss .bss.* .gnu.linkonce.b.*)
 .bss           0x0000000000812f6c        0x0 ../lab2_bsp//obj/HAL/src/crt0.o
 .bss           0x0000000000812f6c        0x0 obj/default/fatfs.o
 .bss           0x0000000000812f6c        0x0 obj/default/fatfs_diskio.o
 .bss           0x0000000000812f6c        0x0 obj/default/fatfs_nios2_de0_nano_spi.o
 .bss           0x0000000000812f6c        0x0 obj/default/fatfs_nios2_de1_pio.o
 .bss           0x0000000000812f6c        0x0 obj/default/fatfs_nios2_de1_spi.o
 .bss           0x0000000000812f6c        0x0 obj/default/ff.o
 .bss           0x0000000000812f6c       0x18 obj/default/main.o
 .bss           0x0000000000812f84        0x0 obj/default/monitor.o
 .bss           0x0000000000812f84        0x0 obj/default/uart_nios2.o
 .bss           0x0000000000812f84        0x0 c:/software/altera/15.1/nios2eds/bin/gnu/h-x86_64-mingw32/bin/../lib/gcc/nios2-elf/4.9.2\libgcc.a(lib2-divmod.o)
 .bss           0x0000000000812f84        0x0 c:/software/altera/15.1/nios2eds/bin/gnu/h-x86_64-mingw32/bin/../lib/gcc/nios2-elf/4.9.2/../../../../../H-x86_64-mingw32/nios2-elf/lib\libc.a(lib_a-fread.o)
 .bss           0x0000000000812f84        0x0 c:/software/altera/15.1/nios2eds/bin/gnu/h-x86_64-mingw32/bin/../lib/gcc/nios2-elf/4.9.2/../../../../../H-x86_64-mingw32/nios2-elf/lib\libc.a(lib_a-freer.o)
 .bss           0x0000000000812f84        0x0 c:/software/altera/15.1/nios2eds/bin/gnu/h-x86_64-mingw32/bin/../lib/gcc/nios2-elf/4.9.2/../../../../../H-x86_64-mingw32/nios2-elf/lib\libc.a(lib_a-getc.o)
 .bss           0x0000000000812f84        0x0 c:/software/altera/15.1/nios2eds/bin/gnu/h-x86_64-mingw32/bin/../lib/gcc/nios2-elf/4.9.2/../../../../../H-x86_64-mingw32/nios2-elf/lib\libc.a(lib_a-impure.o)
 .bss           0x0000000000812f84        0x0 c:/software/altera/15.1/nios2eds/bin/gnu/h-x86_64-mingw32/bin/../lib/gcc/nios2-elf/4.9.2/../../../../../H-x86_64-mingw32/nios2-elf/lib\libc.a(lib_a-mallocr.o)
 .bss.__malloc_current_mallinfo
                0x0000000000812f84       0x28 c:/software/altera/15.1/nios2eds/bin/gnu/h-x86_64-mingw32/bin/../lib/gcc/nios2-elf/4.9.2/../../../../../H-x86_64-mingw32/nios2-elf/lib\libc.a(lib_a-mallocr.o)
                0x0000000000812f84                __malloc_current_mallinfo
 .bss           0x0000000000812fac        0x0 c:/software/altera/15.1/nios2eds/bin/gnu/h-x86_64-mingw32/bin/../lib/gcc/nios2-elf/4.9.2/../../../../../H-x86_64-mingw32/nios2-elf/lib\libc.a(lib_a-memcpy.o)
 .bss           0x0000000000812fac        0x0 c:/software/altera/15.1/nios2eds/bin/gnu/h-x86_64-mingw32/bin/../lib/gcc/nios2-elf/4.9.2/../../../../../H-x86_64-mingw32/nios2-elf/lib\libc.a(lib_a-memset.o)
 .bss           0x0000000000812fac        0x0 c:/software/altera/15.1/nios2eds/bin/gnu/h-x86_64-mingw32/bin/../lib/gcc/nios2-elf/4.9.2/../../../../../H-x86_64-mingw32/nios2-elf/lib\libc.a(lib_a-putchar.o)
 .bss           0x0000000000812fac        0x0 c:/software/altera/15.1/nios2eds/bin/gnu/h-x86_64-mingw32/bin/../lib/gcc/nios2-elf/4.9.2/../../../../../H-x86_64-mingw32/nios2-elf/lib\libc.a(lib_a-refill.o)
 .bss           0x0000000000812fac        0x0 c:/software/altera/15.1/nios2eds/bin/gnu/h-x86_64-mingw32/bin/../lib/gcc/nios2-elf/4.9.2/../../../../../H-x86_64-mingw32/nios2-elf/lib\libc.a(lib_a-rget.o)
 .bss           0x0000000000812fac        0x0 c:/software/altera/15.1/nios2eds/bin/gnu/h-x86_64-mingw32/bin/../lib/gcc/nios2-elf/4.9.2/../../../../../H-x86_64-mingw32/nios2-elf/lib\libc.a(lib_a-sbrkr.o)
 .bss           0x0000000000812fac        0x0 c:/software/altera/15.1/nios2eds/bin/gnu/h-x86_64-mingw32/bin/../lib/gcc/nios2-elf/4.9.2/../../../../../H-x86_64-mingw32/nios2-elf/lib\libc.a(lib_a-strcpy.o)
 .bss           0x0000000000812fac        0x0 c:/software/altera/15.1/nios2eds/bin/gnu/h-x86_64-mingw32/bin/../lib/gcc/nios2-elf/4.9.2/../../../../../H-x86_64-mingw32/nios2-elf/lib\libc.a(lib_a-strlen.o)
 .bss           0x0000000000812fac        0x0 c:/software/altera/15.1/nios2eds/bin/gnu/h-x86_64-mingw32/bin/../lib/gcc/nios2-elf/4.9.2/../../../../../H-x86_64-mingw32/nios2-elf/lib\libc.a(lib_a-fflush.o)
 .bss           0x0000000000812fac        0x0 c:/software/altera/15.1/nios2eds/bin/gnu/h-x86_64-mingw32/bin/../lib/gcc/nios2-elf/4.9.2/../../../../../H-x86_64-mingw32/nios2-elf/lib\libc.a(lib_a-findfp.o)
 .bss           0x0000000000812fac        0x0 c:/software/altera/15.1/nios2eds/bin/gnu/h-x86_64-mingw32/bin/../lib/gcc/nios2-elf/4.9.2/../../../../../H-x86_64-mingw32/nios2-elf/lib\libc.a(lib_a-fwalk.o)
 .bss           0x0000000000812fac        0x0 c:/software/altera/15.1/nios2eds/bin/gnu/h-x86_64-mingw32/bin/../lib/gcc/nios2-elf/4.9.2/../../../../../H-x86_64-mingw32/nios2-elf/lib\libc.a(lib_a-int_errno.o)
 .bss           0x0000000000812fac        0x0 c:/software/altera/15.1/nios2eds/bin/gnu/h-x86_64-mingw32/bin/../lib/gcc/nios2-elf/4.9.2/../../../../../H-x86_64-mingw32/nios2-elf/lib\libc.a(lib_a-makebuf.o)
 .bss           0x0000000000812fac        0x0 c:/software/altera/15.1/nios2eds/bin/gnu/h-x86_64-mingw32/bin/../lib/gcc/nios2-elf/4.9.2/../../../../../H-x86_64-mingw32/nios2-elf/lib\libc.a(lib_a-putc.o)
 .bss           0x0000000000812fac        0x0 c:/software/altera/15.1/nios2eds/bin/gnu/h-x86_64-mingw32/bin/../lib/gcc/nios2-elf/4.9.2/../../../../../H-x86_64-mingw32/nios2-elf/lib\libc.a(lib_a-stdio.o)
 .bss           0x0000000000812fac        0x0 c:/software/altera/15.1/nios2eds/bin/gnu/h-x86_64-mingw32/bin/../lib/gcc/nios2-elf/4.9.2/../../../../../H-x86_64-mingw32/nios2-elf/lib\libc.a(lib_a-wbuf.o)
 .bss           0x0000000000812fac        0x0 c:/software/altera/15.1/nios2eds/bin/gnu/h-x86_64-mingw32/bin/../lib/gcc/nios2-elf/4.9.2/../../../../../H-x86_64-mingw32/nios2-elf/lib\libc.a(lib_a-writer.o)
 .bss           0x0000000000812fac        0x0 c:/software/altera/15.1/nios2eds/bin/gnu/h-x86_64-mingw32/bin/../lib/gcc/nios2-elf/4.9.2/../../../../../H-x86_64-mingw32/nios2-elf/lib\libc.a(lib_a-wsetup.o)
 .bss           0x0000000000812fac        0x0 c:/software/altera/15.1/nios2eds/bin/gnu/h-x86_64-mingw32/bin/../lib/gcc/nios2-elf/4.9.2/../../../../../H-x86_64-mingw32/nios2-elf/lib\libc.a(closer.o)
 .bss           0x0000000000812fac        0x0 c:/software/altera/15.1/nios2eds/bin/gnu/h-x86_64-mingw32/bin/../lib/gcc/nios2-elf/4.9.2/../../../../../H-x86_64-mingw32/nios2-elf/lib\libc.a(lib_a-fclose.o)
 .bss           0x0000000000812fac        0x0 c:/software/altera/15.1/nios2eds/bin/gnu/h-x86_64-mingw32/bin/../lib/gcc/nios2-elf/4.9.2/../../../../../H-x86_64-mingw32/nios2-elf/lib\libc.a(lib_a-fstatr.o)
 .bss           0x0000000000812fac        0x0 c:/software/altera/15.1/nios2eds/bin/gnu/h-x86_64-mingw32/bin/../lib/gcc/nios2-elf/4.9.2/../../../../../H-x86_64-mingw32/nios2-elf/lib\libc.a(lib_a-isattyr.o)
 .bss           0x0000000000812fac        0x0 c:/software/altera/15.1/nios2eds/bin/gnu/h-x86_64-mingw32/bin/../lib/gcc/nios2-elf/4.9.2/../../../../../H-x86_64-mingw32/nios2-elf/lib\libc.a(lib_a-lseekr.o)
 .bss           0x0000000000812fac        0x0 c:/software/altera/15.1/nios2eds/bin/gnu/h-x86_64-mingw32/bin/../lib/gcc/nios2-elf/4.9.2/../../../../../H-x86_64-mingw32/nios2-elf/lib\libc.a(lib_a-readr.o)
 .bss           0x0000000000812fac        0x0 ../lab2_bsp/\libhal_bsp.a(alt_alarm_start.o)
 .bss           0x0000000000812fac        0x0 ../lab2_bsp/\libhal_bsp.a(alt_close.o)
 .bss           0x0000000000812fac        0x0 ../lab2_bsp/\libhal_bsp.a(alt_dev.o)
 .bss           0x0000000000812fac        0x0 ../lab2_bsp/\libhal_bsp.a(alt_errno.o)
 .bss           0x0000000000812fac        0x0 ../lab2_bsp/\libhal_bsp.a(alt_fstat.o)
 .bss           0x0000000000812fac        0x0 ../lab2_bsp/\libhal_bsp.a(alt_isatty.o)
 .bss           0x0000000000812fac        0x0 ../lab2_bsp/\libhal_bsp.a(alt_load.o)
 .bss           0x0000000000812fac        0x0 ../lab2_bsp/\libhal_bsp.a(alt_lseek.o)
 .bss           0x0000000000812fac        0x0 ../lab2_bsp/\libhal_bsp.a(alt_main.o)
 .bss           0x0000000000812fac        0x0 ../lab2_bsp/\libhal_bsp.a(alt_malloc_lock.o)
 .bss           0x0000000000812fac        0x0 ../lab2_bsp/\libhal_bsp.a(alt_printf.o)
 .bss           0x0000000000812fac        0x0 ../lab2_bsp/\libhal_bsp.a(alt_putchar.o)
 .bss           0x0000000000812fac        0x0 ../lab2_bsp/\libhal_bsp.a(alt_read.o)
 .bss           0x0000000000812fac        0x0 ../lab2_bsp/\libhal_bsp.a(alt_release_fd.o)
 .bss           0x0000000000812fac        0x0 ../lab2_bsp/\libhal_bsp.a(alt_sbrk.o)
 .bss           0x0000000000812fac        0x0 ../lab2_bsp/\libhal_bsp.a(alt_tick.o)
 .bss           0x0000000000812fac        0x0 ../lab2_bsp/\libhal_bsp.a(alt_write.o)
 .bss           0x0000000000812fac        0x0 ../lab2_bsp/\libhal_bsp.a(alt_sys_init.o)
 .bss           0x0000000000812fac        0x0 ../lab2_bsp/\libhal_bsp.a(altera_avalon_jtag_uart_fd.o)
 .bss           0x0000000000812fac        0x0 ../lab2_bsp/\libhal_bsp.a(altera_avalon_jtag_uart_read.o)
 .bss           0x0000000000812fac        0x0 ../lab2_bsp/\libhal_bsp.a(altera_avalon_jtag_uart_write.o)
 .bss           0x0000000000812fac        0x0 ../lab2_bsp/\libhal_bsp.a(altera_avalon_lcd_16207.o)
 .bss           0x0000000000812fac        0x0 ../lab2_bsp/\libhal_bsp.a(altera_avalon_lcd_16207_fd.o)
 .bss           0x0000000000812fac        0x0 ../lab2_bsp/\libhal_bsp.a(altera_avalon_uart_fd.o)
 .bss           0x0000000000812fac        0x0 ../lab2_bsp/\libhal_bsp.a(altera_avalon_uart_init.o)
 .bss           0x0000000000812fac        0x0 ../lab2_bsp/\libhal_bsp.a(altera_avalon_uart_read.o)
 .bss           0x0000000000812fac        0x0 ../lab2_bsp/\libhal_bsp.a(altera_avalon_uart_write.o)
 .bss           0x0000000000812fac        0x0 ../lab2_bsp/\libhal_bsp.a(altera_up_avalon_audio.o)
 .bss           0x0000000000812fac        0x0 ../lab2_bsp/\libhal_bsp.a(alt_dcache_flush_all.o)
 .bss           0x0000000000812fac        0x0 ../lab2_bsp/\libhal_bsp.a(alt_dev_llist_insert.o)
 .bss           0x0000000000812fac        0x0 ../lab2_bsp/\libhal_bsp.a(alt_do_ctors.o)
 .bss           0x0000000000812fac        0x0 ../lab2_bsp/\libhal_bsp.a(alt_do_dtors.o)
 .bss           0x0000000000812fac        0x0 ../lab2_bsp/\libhal_bsp.a(alt_find_dev.o)
 .bss           0x0000000000812fac        0x0 ../lab2_bsp/\libhal_bsp.a(alt_icache_flush_all.o)
 .bss           0x0000000000812fac        0x0 ../lab2_bsp/\libhal_bsp.a(alt_io_redirect.o)
 .bss           0x0000000000812fac        0x0 ../lab2_bsp/\libhal_bsp.a(alt_irq_register.o)
 .bss           0x0000000000812fac        0x0 ../lab2_bsp/\libhal_bsp.a(alt_irq_vars.o)
 .bss           0x0000000000812fac        0x0 ../lab2_bsp/\libhal_bsp.a(alt_open.o)
 .bss           0x0000000000812fac        0x0 ../lab2_bsp/\libhal_bsp.a(alt_usleep.o)
 .bss           0x0000000000812fac        0x0 ../lab2_bsp/\libhal_bsp.a(altera_nios2_gen2_irq.o)
 .bss           0x0000000000812fac        0x0 ../lab2_bsp/\libhal_bsp.a(alt_busy_sleep.o)
 .bss           0x0000000000812fac        0x0 ../lab2_bsp/\libhal_bsp.a(alt_find_file.o)
 .bss           0x0000000000812fac        0x0 ../lab2_bsp/\libhal_bsp.a(alt_get_fd.o)
 .bss           0x0000000000812fac        0x0 ../lab2_bsp/\libhal_bsp.a(alt_icache_flush.o)
 .bss           0x0000000000812fac        0x0 ../lab2_bsp/\libhal_bsp.a(alt_irq_entry.o)
 .bss           0x0000000000812fac        0x0 ../lab2_bsp/\libhal_bsp.a(alt_irq_handler.o)
 .bss           0x0000000000812fac        0x0 ../lab2_bsp/\libhal_bsp.a(alt_exception_entry.o)
 .bss           0x0000000000812fac        0x0 ../lab2_bsp/\libhal_bsp.a(alt_instruction_exception_entry.o)
 .bss           0x0000000000812fac        0x0 c:/software/altera/15.1/nios2eds/bin/gnu/h-x86_64-mingw32/bin/../lib/gcc/nios2-elf/4.9.2/../../../../../H-x86_64-mingw32/nios2-elf/lib\libc.a(lib_a-atexit.o)
 .bss           0x0000000000812fac        0x0 c:/software/altera/15.1/nios2eds/bin/gnu/h-x86_64-mingw32/bin/../lib/gcc/nios2-elf/4.9.2/../../../../../H-x86_64-mingw32/nios2-elf/lib\libc.a(lib_a-ctype_.o)
 .bss           0x0000000000812fac        0x0 c:/software/altera/15.1/nios2eds/bin/gnu/h-x86_64-mingw32/bin/../lib/gcc/nios2-elf/4.9.2/../../../../../H-x86_64-mingw32/nios2-elf/lib\libc.a(lib_a-exit.o)
 .bss           0x0000000000812fac        0x0 c:/software/altera/15.1/nios2eds/bin/gnu/h-x86_64-mingw32/bin/../lib/gcc/nios2-elf/4.9.2/../../../../../H-x86_64-mingw32/nios2-elf/lib\libc.a(lib_a-memcmp.o)
 .bss           0x0000000000812fac        0x0 c:/software/altera/15.1/nios2eds/bin/gnu/h-x86_64-mingw32/bin/../lib/gcc/nios2-elf/4.9.2/../../../../../H-x86_64-mingw32/nios2-elf/lib\libc.a(lib_a-__atexit.o)
 .bss           0x0000000000812fac        0x0 c:/software/altera/15.1/nios2eds/bin/gnu/h-x86_64-mingw32/bin/../lib/gcc/nios2-elf/4.9.2/../../../../../H-x86_64-mingw32/nios2-elf/lib\libc.a(lib_a-__call_atexit.o)
 .bss           0x0000000000812fac        0x0 ../lab2_bsp/\libhal_bsp.a(alt_exit.o)
 *(COMMON)
 COMMON         0x0000000000812fac     0x27ac obj/default/main.o
                0x0000000000812fac                Fatfs
                0x00000000008131dc                File1
                0x0000000000813400                Finfo
                0x0000000000813418                Buff
                0x0000000000815418                File2
                0x000000000081563c                Dir
                0x0000000000815658                Line
 COMMON         0x0000000000815758      0x100 ../lab2_bsp/\libhal_bsp.a(alt_irq_handler.o)
                0x0000000000815758                alt_irq
                0x0000000000815858                . = ALIGN (0x4)
                0x0000000000815858                __bss_end = ABSOLUTE (.)

.sdram_0        0x0000000000815858        0x0
                0x0000000000815858                PROVIDE (_alt_partition_sdram_0_start, ABSOLUTE (.))
 *(.sdram_0 .sdram_0. sdram_0.*)
                0x0000000000815858                . = ALIGN (0x4)
                0x0000000000815858                PROVIDE (_alt_partition_sdram_0_end, ABSOLUTE (.))
                0x0000000000815858                _end = ABSOLUTE (.)
                0x0000000000815858                end = ABSOLUTE (.)
                0x0000000000815858                __alt_stack_base = ABSOLUTE (.)
                0x0000000000815858                PROVIDE (_alt_partition_sdram_0_load_addr, LOADADDR (.sdram_0))

.stab
 *(.stab)

.stabstr
 *(.stabstr)

.stab.excl
 *(.stab.excl)

.stab.exclstr
 *(.stab.exclstr)

.stab.index
 *(.stab.index)

.stab.indexstr
 *(.stab.indexstr)

.comment        0x0000000000000000       0x23
 *(.comment)
 .comment       0x0000000000000000       0x23 obj/default/fatfs.o
                                         0x24 (size before relaxing)
 .comment       0x0000000000000000       0x24 obj/default/fatfs_diskio.o
 .comment       0x0000000000000000       0x24 obj/default/fatfs_nios2_de0_nano_spi.o
 .comment       0x0000000000000000       0x24 obj/default/fatfs_nios2_de1_pio.o
 .comment       0x0000000000000000       0x24 obj/default/fatfs_nios2_de1_spi.o
 .comment       0x0000000000000000       0x24 obj/default/ff.o
 .comment       0x0000000000000000       0x24 obj/default/main.o
 .comment       0x0000000000000000       0x24 obj/default/monitor.o
 .comment       0x0000000000000000       0x24 obj/default/uart_nios2.o
 .comment       0x0000000000000000       0x24 c:/software/altera/15.1/nios2eds/bin/gnu/h-x86_64-mingw32/bin/../lib/gcc/nios2-elf/4.9.2\libgcc.a(lib2-divmod.o)
 .comment       0x0000000000000000       0x24 c:/software/altera/15.1/nios2eds/bin/gnu/h-x86_64-mingw32/bin/../lib/gcc/nios2-elf/4.9.2/../../../../../H-x86_64-mingw32/nios2-elf/lib\libc.a(lib_a-fread.o)
 .comment       0x0000000000000000       0x24 c:/software/altera/15.1/nios2eds/bin/gnu/h-x86_64-mingw32/bin/../lib/gcc/nios2-elf/4.9.2/../../../../../H-x86_64-mingw32/nios2-elf/lib\libc.a(lib_a-freer.o)
 .comment       0x0000000000000000       0x24 c:/software/altera/15.1/nios2eds/bin/gnu/h-x86_64-mingw32/bin/../lib/gcc/nios2-elf/4.9.2/../../../../../H-x86_64-mingw32/nios2-elf/lib\libc.a(lib_a-getc.o)
 .comment       0x0000000000000000       0x24 c:/software/altera/15.1/nios2eds/bin/gnu/h-x86_64-mingw32/bin/../lib/gcc/nios2-elf/4.9.2/../../../../../H-x86_64-mingw32/nios2-elf/lib\libc.a(lib_a-impure.o)
 .comment       0x0000000000000000       0x24 c:/software/altera/15.1/nios2eds/bin/gnu/h-x86_64-mingw32/bin/../lib/gcc/nios2-elf/4.9.2/../../../../../H-x86_64-mingw32/nios2-elf/lib\libc.a(lib_a-mallocr.o)
 .comment       0x0000000000000000       0x24 c:/software/altera/15.1/nios2eds/bin/gnu/h-x86_64-mingw32/bin/../lib/gcc/nios2-elf/4.9.2/../../../../../H-x86_64-mingw32/nios2-elf/lib\libc.a(lib_a-memcpy.o)
 .comment       0x0000000000000000       0x24 c:/software/altera/15.1/nios2eds/bin/gnu/h-x86_64-mingw32/bin/../lib/gcc/nios2-elf/4.9.2/../../../../../H-x86_64-mingw32/nios2-elf/lib\libc.a(lib_a-memset.o)
 .comment       0x0000000000000000       0x24 c:/software/altera/15.1/nios2eds/bin/gnu/h-x86_64-mingw32/bin/../lib/gcc/nios2-elf/4.9.2/../../../../../H-x86_64-mingw32/nios2-elf/lib\libc.a(lib_a-putchar.o)
 .comment       0x0000000000000000       0x24 c:/software/altera/15.1/nios2eds/bin/gnu/h-x86_64-mingw32/bin/../lib/gcc/nios2-elf/4.9.2/../../../../../H-x86_64-mingw32/nios2-elf/lib\libc.a(lib_a-refill.o)
 .comment       0x0000000000000000       0x24 c:/software/altera/15.1/nios2eds/bin/gnu/h-x86_64-mingw32/bin/../lib/gcc/nios2-elf/4.9.2/../../../../../H-x86_64-mingw32/nios2-elf/lib\libc.a(lib_a-rget.o)
 .comment       0x0000000000000000       0x24 c:/software/altera/15.1/nios2eds/bin/gnu/h-x86_64-mingw32/bin/../lib/gcc/nios2-elf/4.9.2/../../../../../H-x86_64-mingw32/nios2-elf/lib\libc.a(lib_a-sbrkr.o)
 .comment       0x0000000000000000       0x24 c:/software/altera/15.1/nios2eds/bin/gnu/h-x86_64-mingw32/bin/../lib/gcc/nios2-elf/4.9.2/../../../../../H-x86_64-mingw32/nios2-elf/lib\libc.a(lib_a-strcpy.o)
 .comment       0x0000000000000000       0x24 c:/software/altera/15.1/nios2eds/bin/gnu/h-x86_64-mingw32/bin/../lib/gcc/nios2-elf/4.9.2/../../../../../H-x86_64-mingw32/nios2-elf/lib\libc.a(lib_a-strlen.o)
 .comment       0x0000000000000000       0x24 c:/software/altera/15.1/nios2eds/bin/gnu/h-x86_64-mingw32/bin/../lib/gcc/nios2-elf/4.9.2/../../../../../H-x86_64-mingw32/nios2-elf/lib\libc.a(lib_a-fflush.o)
 .comment       0x0000000000000000       0x24 c:/software/altera/15.1/nios2eds/bin/gnu/h-x86_64-mingw32/bin/../lib/gcc/nios2-elf/4.9.2/../../../../../H-x86_64-mingw32/nios2-elf/lib\libc.a(lib_a-findfp.o)
 .comment       0x0000000000000000       0x24 c:/software/altera/15.1/nios2eds/bin/gnu/h-x86_64-mingw32/bin/../lib/gcc/nios2-elf/4.9.2/../../../../../H-x86_64-mingw32/nios2-elf/lib\libc.a(lib_a-fwalk.o)
 .comment       0x0000000000000000       0x24 c:/software/altera/15.1/nios2eds/bin/gnu/h-x86_64-mingw32/bin/../lib/gcc/nios2-elf/4.9.2/../../../../../H-x86_64-mingw32/nios2-elf/lib\libc.a(lib_a-int_errno.o)
 .comment       0x0000000000000000       0x24 c:/software/altera/15.1/nios2eds/bin/gnu/h-x86_64-mingw32/bin/../lib/gcc/nios2-elf/4.9.2/../../../../../H-x86_64-mingw32/nios2-elf/lib\libc.a(lib_a-makebuf.o)
 .comment       0x0000000000000000       0x24 c:/software/altera/15.1/nios2eds/bin/gnu/h-x86_64-mingw32/bin/../lib/gcc/nios2-elf/4.9.2/../../../../../H-x86_64-mingw32/nios2-elf/lib\libc.a(lib_a-putc.o)
 .comment       0x0000000000000000       0x24 c:/software/altera/15.1/nios2eds/bin/gnu/h-x86_64-mingw32/bin/../lib/gcc/nios2-elf/4.9.2/../../../../../H-x86_64-mingw32/nios2-elf/lib\libc.a(lib_a-stdio.o)
 .comment       0x0000000000000000       0x24 c:/software/altera/15.1/nios2eds/bin/gnu/h-x86_64-mingw32/bin/../lib/gcc/nios2-elf/4.9.2/../../../../../H-x86_64-mingw32/nios2-elf/lib\libc.a(lib_a-wbuf.o)
 .comment       0x0000000000000000       0x24 c:/software/altera/15.1/nios2eds/bin/gnu/h-x86_64-mingw32/bin/../lib/gcc/nios2-elf/4.9.2/../../../../../H-x86_64-mingw32/nios2-elf/lib\libc.a(lib_a-writer.o)
 .comment       0x0000000000000000       0x24 c:/software/altera/15.1/nios2eds/bin/gnu/h-x86_64-mingw32/bin/../lib/gcc/nios2-elf/4.9.2/../../../../../H-x86_64-mingw32/nios2-elf/lib\libc.a(lib_a-wsetup.o)
 .comment       0x0000000000000000       0x24 c:/software/altera/15.1/nios2eds/bin/gnu/h-x86_64-mingw32/bin/../lib/gcc/nios2-elf/4.9.2/../../../../../H-x86_64-mingw32/nios2-elf/lib\libc.a(closer.o)
 .comment       0x0000000000000000       0x24 c:/software/altera/15.1/nios2eds/bin/gnu/h-x86_64-mingw32/bin/../lib/gcc/nios2-elf/4.9.2/../../../../../H-x86_64-mingw32/nios2-elf/lib\libc.a(lib_a-fclose.o)
 .comment       0x0000000000000000       0x24 c:/software/altera/15.1/nios2eds/bin/gnu/h-x86_64-mingw32/bin/../lib/gcc/nios2-elf/4.9.2/../../../../../H-x86_64-mingw32/nios2-elf/lib\libc.a(lib_a-fstatr.o)
 .comment       0x0000000000000000       0x24 c:/software/altera/15.1/nios2eds/bin/gnu/h-x86_64-mingw32/bin/../lib/gcc/nios2-elf/4.9.2/../../../../../H-x86_64-mingw32/nios2-elf/lib\libc.a(lib_a-isattyr.o)
 .comment       0x0000000000000000       0x24 c:/software/altera/15.1/nios2eds/bin/gnu/h-x86_64-mingw32/bin/../lib/gcc/nios2-elf/4.9.2/../../../../../H-x86_64-mingw32/nios2-elf/lib\libc.a(lib_a-lseekr.o)
 .comment       0x0000000000000000       0x24 c:/software/altera/15.1/nios2eds/bin/gnu/h-x86_64-mingw32/bin/../lib/gcc/nios2-elf/4.9.2/../../../../../H-x86_64-mingw32/nios2-elf/lib\libc.a(lib_a-readr.o)
 .comment       0x0000000000000000       0x24 ../lab2_bsp/\libhal_bsp.a(alt_alarm_start.o)
 .comment       0x0000000000000000       0x24 ../lab2_bsp/\libhal_bsp.a(alt_close.o)
 .comment       0x0000000000000000       0x24 ../lab2_bsp/\libhal_bsp.a(alt_dev.o)
 .comment       0x0000000000000000       0x24 ../lab2_bsp/\libhal_bsp.a(alt_errno.o)
 .comment       0x0000000000000000       0x24 ../lab2_bsp/\libhal_bsp.a(alt_fstat.o)
 .comment       0x0000000000000000       0x24 ../lab2_bsp/\libhal_bsp.a(alt_isatty.o)
 .comment       0x0000000000000000       0x24 ../lab2_bsp/\libhal_bsp.a(alt_load.o)
 .comment       0x0000000000000000       0x24 ../lab2_bsp/\libhal_bsp.a(alt_lseek.o)
 .comment       0x0000000000000000       0x24 ../lab2_bsp/\libhal_bsp.a(alt_main.o)
 .comment       0x0000000000000000       0x24 ../lab2_bsp/\libhal_bsp.a(alt_malloc_lock.o)
 .comment       0x0000000000000000       0x24 ../lab2_bsp/\libhal_bsp.a(alt_printf.o)
 .comment       0x0000000000000000       0x24 ../lab2_bsp/\libhal_bsp.a(alt_putchar.o)
 .comment       0x0000000000000000       0x24 ../lab2_bsp/\libhal_bsp.a(alt_read.o)
 .comment       0x0000000000000000       0x24 ../lab2_bsp/\libhal_bsp.a(alt_release_fd.o)
 .comment       0x0000000000000000       0x24 ../lab2_bsp/\libhal_bsp.a(alt_sbrk.o)
 .comment       0x0000000000000000       0x24 ../lab2_bsp/\libhal_bsp.a(alt_tick.o)
 .comment       0x0000000000000000       0x24 ../lab2_bsp/\libhal_bsp.a(alt_write.o)
 .comment       0x0000000000000000       0x24 ../lab2_bsp/\libhal_bsp.a(alt_sys_init.o)
 .comment       0x0000000000000000       0x24 ../lab2_bsp/\libhal_bsp.a(altera_avalon_jtag_uart_fd.o)
 .comment       0x0000000000000000       0x24 ../lab2_bsp/\libhal_bsp.a(altera_avalon_jtag_uart_read.o)
 .comment       0x0000000000000000       0x24 ../lab2_bsp/\libhal_bsp.a(altera_avalon_jtag_uart_write.o)
 .comment       0x0000000000000000       0x24 ../lab2_bsp/\libhal_bsp.a(altera_avalon_lcd_16207.o)
 .comment       0x0000000000000000       0x24 ../lab2_bsp/\libhal_bsp.a(altera_avalon_lcd_16207_fd.o)
 .comment       0x0000000000000000       0x24 ../lab2_bsp/\libhal_bsp.a(altera_avalon_uart_fd.o)
 .comment       0x0000000000000000       0x24 ../lab2_bsp/\libhal_bsp.a(altera_avalon_uart_init.o)
 .comment       0x0000000000000000       0x24 ../lab2_bsp/\libhal_bsp.a(altera_avalon_uart_read.o)
 .comment       0x0000000000000000       0x24 ../lab2_bsp/\libhal_bsp.a(altera_avalon_uart_write.o)
 .comment       0x0000000000000000       0x24 ../lab2_bsp/\libhal_bsp.a(altera_up_avalon_audio.o)
 .comment       0x0000000000000000       0x24 ../lab2_bsp/\libhal_bsp.a(alt_dcache_flush_all.o)
 .comment       0x0000000000000000       0x24 ../lab2_bsp/\libhal_bsp.a(alt_dev_llist_insert.o)
 .comment       0x0000000000000000       0x24 ../lab2_bsp/\libhal_bsp.a(alt_do_ctors.o)
 .comment       0x0000000000000000       0x24 ../lab2_bsp/\libhal_bsp.a(alt_do_dtors.o)
 .comment       0x0000000000000000       0x24 ../lab2_bsp/\libhal_bsp.a(alt_find_dev.o)
 .comment       0x0000000000000000       0x24 ../lab2_bsp/\libhal_bsp.a(alt_icache_flush_all.o)
 .comment       0x0000000000000000       0x24 ../lab2_bsp/\libhal_bsp.a(alt_io_redirect.o)
 .comment       0x0000000000000000       0x24 ../lab2_bsp/\libhal_bsp.a(alt_irq_register.o)
 .comment       0x0000000000000000       0x24 ../lab2_bsp/\libhal_bsp.a(alt_irq_vars.o)
 .comment       0x0000000000000000       0x24 ../lab2_bsp/\libhal_bsp.a(alt_open.o)
 .comment       0x0000000000000000       0x24 ../lab2_bsp/\libhal_bsp.a(alt_usleep.o)
 .comment       0x0000000000000000       0x24 ../lab2_bsp/\libhal_bsp.a(altera_nios2_gen2_irq.o)
 .comment       0x0000000000000000       0x24 ../lab2_bsp/\libhal_bsp.a(alt_busy_sleep.o)
 .comment       0x0000000000000000       0x24 ../lab2_bsp/\libhal_bsp.a(alt_find_file.o)
 .comment       0x0000000000000000       0x24 ../lab2_bsp/\libhal_bsp.a(alt_get_fd.o)
 .comment       0x0000000000000000       0x24 ../lab2_bsp/\libhal_bsp.a(alt_icache_flush.o)
 .comment       0x0000000000000000       0x24 ../lab2_bsp/\libhal_bsp.a(alt_irq_handler.o)
 .comment       0x0000000000000000       0x24 ../lab2_bsp/\libhal_bsp.a(alt_instruction_exception_entry.o)
 .comment       0x0000000000000000       0x24 c:/software/altera/15.1/nios2eds/bin/gnu/h-x86_64-mingw32/bin/../lib/gcc/nios2-elf/4.9.2/../../../../../H-x86_64-mingw32/nios2-elf/lib\libc.a(lib_a-atexit.o)
 .comment       0x0000000000000000       0x24 c:/software/altera/15.1/nios2eds/bin/gnu/h-x86_64-mingw32/bin/../lib/gcc/nios2-elf/4.9.2/../../../../../H-x86_64-mingw32/nios2-elf/lib\libc.a(lib_a-ctype_.o)
 .comment       0x0000000000000000       0x24 c:/software/altera/15.1/nios2eds/bin/gnu/h-x86_64-mingw32/bin/../lib/gcc/nios2-elf/4.9.2/../../../../../H-x86_64-mingw32/nios2-elf/lib\libc.a(lib_a-exit.o)
 .comment       0x0000000000000000       0x24 c:/software/altera/15.1/nios2eds/bin/gnu/h-x86_64-mingw32/bin/../lib/gcc/nios2-elf/4.9.2/../../../../../H-x86_64-mingw32/nios2-elf/lib\libc.a(lib_a-memcmp.o)
 .comment       0x0000000000000000       0x24 c:/software/altera/15.1/nios2eds/bin/gnu/h-x86_64-mingw32/bin/../lib/gcc/nios2-elf/4.9.2/../../../../../H-x86_64-mingw32/nios2-elf/lib\libc.a(lib_a-__atexit.o)
 .comment       0x0000000000000000       0x24 c:/software/altera/15.1/nios2eds/bin/gnu/h-x86_64-mingw32/bin/../lib/gcc/nios2-elf/4.9.2/../../../../../H-x86_64-mingw32/nios2-elf/lib\libc.a(lib_a-__call_atexit.o)
 .comment       0x0000000000000000       0x24 ../lab2_bsp/\libhal_bsp.a(alt_exit.o)

.debug
 *(.debug)

.line
 *(.line)

.debug_srcinfo
 *(.debug_srcinfo)

.debug_sfnames
 *(.debug_sfnames)

.debug_aranges  0x0000000000000000      0xc78
 *(.debug_aranges)
 .debug_aranges
                0x0000000000000000       0x28 ../lab2_bsp//obj/HAL/src/crt0.o
 .debug_aranges
                0x0000000000000028       0x20 obj/default/fatfs.o
 .debug_aranges
                0x0000000000000048       0x20 obj/default/fatfs_diskio.o
 .debug_aranges
                0x0000000000000068       0x20 obj/default/ff.o
 .debug_aranges
                0x0000000000000088       0x20 obj/default/main.o
 .debug_aranges
                0x00000000000000a8       0x20 obj/default/monitor.o
 .debug_aranges
                0x00000000000000c8       0x20 obj/default/uart_nios2.o
 .debug_aranges
                0x00000000000000e8       0x20 c:/software/altera/15.1/nios2eds/bin/gnu/h-x86_64-mingw32/bin/../lib/gcc/nios2-elf/4.9.2\libgcc.a(lib2-divmod.o)
 .debug_aranges
                0x0000000000000108       0x28 c:/software/altera/15.1/nios2eds/bin/gnu/h-x86_64-mingw32/bin/../lib/gcc/nios2-elf/4.9.2/../../../../../H-x86_64-mingw32/nios2-elf/lib\libc.a(lib_a-fread.o)
 .debug_aranges
                0x0000000000000130       0x28 c:/software/altera/15.1/nios2eds/bin/gnu/h-x86_64-mingw32/bin/../lib/gcc/nios2-elf/4.9.2/../../../../../H-x86_64-mingw32/nios2-elf/lib\libc.a(lib_a-freer.o)
 .debug_aranges
                0x0000000000000158       0x28 c:/software/altera/15.1/nios2eds/bin/gnu/h-x86_64-mingw32/bin/../lib/gcc/nios2-elf/4.9.2/../../../../../H-x86_64-mingw32/nios2-elf/lib\libc.a(lib_a-getc.o)
 .debug_aranges
                0x0000000000000180       0x18 c:/software/altera/15.1/nios2eds/bin/gnu/h-x86_64-mingw32/bin/../lib/gcc/nios2-elf/4.9.2/../../../../../H-x86_64-mingw32/nios2-elf/lib\libc.a(lib_a-impure.o)
 .debug_aranges
                0x0000000000000198       0x20 c:/software/altera/15.1/nios2eds/bin/gnu/h-x86_64-mingw32/bin/../lib/gcc/nios2-elf/4.9.2/../../../../../H-x86_64-mingw32/nios2-elf/lib\libc.a(lib_a-mallocr.o)
 .debug_aranges
                0x00000000000001b8       0x20 c:/software/altera/15.1/nios2eds/bin/gnu/h-x86_64-mingw32/bin/../lib/gcc/nios2-elf/4.9.2/../../../../../H-x86_64-mingw32/nios2-elf/lib\libc.a(lib_a-memcpy.o)
 .debug_aranges